 zlibwapi

 Timestamp is 4f43d569 (Tue Feb 21 09:33:29 2012)

 Preferred load address is 10000000

 Start         Length     Name                   Class
 0001:00000000 000183baH .text                   CODE
 0002:00000000 00000110H .idata$5                DATA
 0002:00000110 00000004H .CRT$XCA                DATA
 0002:00000114 00000004H .CRT$XCZ                DATA
 0002:00000118 00000004H .CRT$XIA                DATA
 0002:0000011c 00000010H .CRT$XIC                DATA
 0002:0000012c 00000004H .CRT$XIZ                DATA
 0002:00000130 00000004H .CRT$XPA                DATA
 0002:00000134 00000004H .CRT$XPX                DATA
 0002:00000138 00000004H .CRT$XPXA               DATA
 0002:0000013c 00000004H .CRT$XPZ                DATA
 0002:00000140 00000004H .CRT$XTA                DATA
 0002:00000144 00000004H .CRT$XTZ                DATA
 0002:00000148 00005d98H .rdata                  DATA
 0002:00005ee0 00000004H .rtc$IAA                DATA
 0002:00005ee4 00000004H .rtc$IZZ                DATA
 0002:00005ee8 00000004H .rtc$TAA                DATA
 0002:00005eec 00000004H .rtc$TZZ                DATA
 0002:00005ef0 000003fcH .xdata$x                DATA
 0002:000062ec 00000014H .idata$2                DATA
 0002:00006300 00000014H .idata$3                DATA
 0002:00006314 00000110H .idata$4                DATA
 0002:00006424 000004caH .idata$6                DATA
 0002:000068f0 00000c0cH .edata                  DATA
 0003:00000000 00000fc0H .data                   DATA
 0003:00000fc0 00001de4H .bss                    DATA
 0004:00000000 00000058H .rsrc$01                DATA
 0004:00000060 00000330H .rsrc$02                DATA

  Address         Publics by Value              Rva+Base       Lib:Object

 0000:00000000       ___safe_se_handler_count   00000000     <absolute>
 0000:00000000       __except_list              00000000     <absolute>
 0000:00000000       ___safe_se_handler_table   00000000     <absolute>
 0000:00000000       ___ImageBase               10000000     <linker-defined>
 0001:00000000       _adler32@12                10001000 f   adler32.obj
 0001:00000330       _adler32_combine@12        10001330 f   adler32.obj
 0001:00000350       _compress2@20              10001350 f   compress.obj
 0001:00000400       _compress@16               10001400 f   compress.obj
 0001:00000420       _compressBound@4           10001420 f   compress.obj
 0001:00000440       _get_crc_table@0           10001440 f   crc32.obj
 0001:00000450       _crc32@12                  10001450 f   crc32.obj
 0001:00000860       _crc32_combine@12          10001860 f   crc32.obj
 0001:00000880       _deflateInit_@16           10001880 f   deflate.obj
 0001:000008b0       _deflateInit2_@32          100018b0 f   deflate.obj
 0001:00000af0       _deflateSetDictionary@12   10001af0 f   deflate.obj
 0001:00000c80       _deflateResetKeep@4        10001c80 f   deflate.obj
 0001:00000d30       _deflateReset@4            10001d30 f   deflate.obj
 0001:00000d60       _deflateSetHeader@8        10001d60 f   deflate.obj
 0001:00000d90       _deflatePending@12         10001d90 f   deflate.obj
 0001:00000dd0       _deflatePrime@12           10001dd0 f   deflate.obj
 0001:00000e60       _deflateParams@12          10001e60 f   deflate.obj
 0001:00000f60       _deflateTune@20            10001f60 f   deflate.obj
 0001:00000fb0       _deflateBound@8            10001fb0 f   deflate.obj
 0001:00001110       _deflate@8                 10002110 f   deflate.obj
 0001:00001970       _deflateEnd@4              10002970 f   deflate.obj
 0001:00001a50       _deflateCopy@8             10002a50 f   deflate.obj
 0001:00002ba0       _gzclose@4                 10003ba0 f   gzclose.obj
 0001:00002e60       _gzopen@8                  10003e60 f   gzlib.obj
 0001:00002e80       _gzdopen@8                 10003e80 f   gzlib.obj
 0001:00002ed0       _gzbuffer@8                10003ed0 f   gzlib.obj
 0001:00002f10       _gzrewind@4                10003f10 f   gzlib.obj
 0001:00002f70       _gzseek64@16               10003f70 f   gzlib.obj
 0001:000030e0       _gzseek@12                 100040e0 f   gzlib.obj
 0001:00003120       _gztell64@4                10004120 f   gzlib.obj
 0001:00003170       _gztell@4                  10004170 f   gzlib.obj
 0001:000031a0       _gzoffset64@4              100041a0 f   gzlib.obj
 0001:000031f0       _gzoffset@4                100041f0 f   gzlib.obj
 0001:00003220       _gzeof@4                   10004220 f   gzlib.obj
 0001:00003250       _gzerror@8                 10004250 f   gzlib.obj
 0001:00003290       _gzclearerr@4              10004290 f   gzlib.obj
 0001:000032d0       _gz_error                  100042d0 f   gzlib.obj
 0001:00003820       _gzread@12                 10004820 f   gzread.obj
 0001:000039a0       _gzgetc_@4                 100049a0 f   gzread.obj
 0001:00003a00       _gzgetc@4                  10004a00 f   gzread.obj
 0001:00003a10       _gzungetc@8                10004a10 f   gzread.obj
 0001:00003b00       _gzgets@12                 10004b00 f   gzread.obj
 0001:00003c10       _gzdirect@4                10004c10 f   gzread.obj
 0001:00003c50       _gzclose_r@4               10004c50 f   gzread.obj
 0001:00003f90       _gzwrite@12                10004f90 f   gzwrite.obj
 0001:000040a0       _gzputc@8                  100050a0 f   gzwrite.obj
 0001:00004150       _gzputs@8                  10005150 f   gzwrite.obj
 0001:00004190       _gzprintf                  10005190 f   gzwrite.obj
 0001:00004260       _gzflush@8                 10005260 f   gzwrite.obj
 0001:000042e0       _gzsetparams@12            100052e0 f   gzwrite.obj
 0001:00004390       _gzclose_w@4               10005390 f   gzwrite.obj
 0001:00004450       _gzflags@0                 10005450 f   gzwrite.obj
 0001:00004460       _inflateBackInit_@20       10005460 f   infback.obj
 0001:00004550       _inflateBack@20            10005550 f   infback.obj
 0001:00005250       _inflateBackEnd@4          10006250 f   infback.obj
 0001:00005290       _inflateResetKeep@4        10006290 f   inflate.obj
 0001:00005310       _inflateReset@4            10006310 f   inflate.obj
 0001:00005340       _inflateReset2@8           10006340 f   inflate.obj
 0001:000053d0       _inflateInit2_@16          100063d0 f   inflate.obj
 0001:00005490       _inflateInit_@12           10006490 f   inflate.obj
 0001:000054b0       _inflatePrime@12           100064b0 f   inflate.obj
 0001:00005640       _inflate@8                 10006640 f   inflate.obj
 0001:00006b40       _inflateEnd@4              10007b40 f   inflate.obj
 0001:00006ba0       _inflateSetDictionary@12   10007ba0 f   inflate.obj
 0001:00006c70       _inflateGetHeader@8        10007c70 f   inflate.obj
 0001:00006d10       _inflateSync@4             10007d10 f   inflate.obj
 0001:00006e00       _inflateSyncPoint@4        10007e00 f   inflate.obj
 0001:00006e40       _inflateCopy@8             10007e40 f   inflate.obj
 0001:00006fa0       _inflateUndermine@8        10007fa0 f   inflate.obj
 0001:00006fd0       _inflateMark@4             10007fd0 f   inflate.obj
 0001:00007040       _inflate_table             10008040 f   inftrees.obj
 0001:00007430       _call_zopen64              10008430 f   ioapi.obj
 0001:00007450       _call_zseek64              10008450 f   ioapi.obj
 0001:000074b0       _call_ztell64              100084b0 f   ioapi.obj
 0001:000074e0       _fill_zlib_filefunc64_32_def_from_filefunc32 100084e0 f   ioapi.obj
 0001:00007660       _fill_fopen64_filefunc     10008660 f   ioapi.obj
 0001:00007750       _win32_open64_file_funcA   10008750 f   iowin32.obj
 0001:00007750       _win32_open_file_func      10008750 f   iowin32.obj
 0001:00007750       _win32_open64_file_func    10008750 f   iowin32.obj
 0001:000077b0       _win32_open64_file_funcW   100087b0 f   iowin32.obj
 0001:00007810       _win32_read_file_func      10008810 f   iowin32.obj
 0001:00007860       _win32_write_file_func     10008860 f   iowin32.obj
 0001:000078b0       _win32_tell_file_func      100088b0 f   iowin32.obj
 0001:000078f0       _win32_tell64_file_func    100088f0 f   iowin32.obj
 0001:00007960       _win32_seek_file_func      10008960 f   iowin32.obj
 0001:000079c0       _win32_seek64_file_func    100089c0 f   iowin32.obj
 0001:00007a20       _win32_close_file_func     10008a20 f   iowin32.obj
 0001:00007a50       _win32_error_file_func     10008a50 f   iowin32.obj
 0001:00007a70       _fill_win32_filefunc       10008a70 f   iowin32.obj
 0001:00007ab0       _fill_win32_filefunc64     10008ab0 f   iowin32.obj
 0001:00007ab0       _fill_win32_filefunc64A    10008ab0 f   iowin32.obj
 0001:00007af0       _fill_win32_filefunc64W    10008af0 f   iowin32.obj
 0001:00007b30       __tr_init                  10008b30 f   trees.obj
 0001:00008ad0       __tr_stored_block          10009ad0 f   trees.obj
 0001:00008b60       __tr_flush_bits            10009b60 f   trees.obj
 0001:00008b70       __tr_align                 10009b70 f   trees.obj
 0001:00008c60       __tr_flush_block           10009c60 f   trees.obj
 0001:00009430       _uncompress@16             1000a430 f   uncompr.obj
 0001:00009760       _unzStringFileNameCompare@12 1000a760 f   unzip.obj
 0001:0000a000       _unzOpen2@8                1000b000 f   unzip.obj
 0001:0000a050       _unzOpen2_64@8             1000b050 f   unzip.obj
 0001:0000a0b0       _unzOpen@4                 1000b0b0 f   unzip.obj
 0001:0000a0d0       _unzOpen64@4               1000b0d0 f   unzip.obj
 0001:0000a0f0       _unzClose@4                1000b0f0 f   unzip.obj
 0001:0000a130       _unzGetGlobalInfo64@8      1000b130 f   unzip.obj
 0001:0000a170       _unzGetGlobalInfo@8        1000b170 f   unzip.obj
 0001:0000a760       _unzGetCurrentFileInfo64@32 1000b760 f   unzip.obj
 0001:0000a790       _unzGetCurrentFileInfo@32  1000b790 f   unzip.obj
 0001:0000a870       _unzGoToFirstFile@4        1000b870 f   unzip.obj
 0001:0000a8e0       _unzGoToNextFile@4         1000b8e0 f   unzip.obj
 0001:0000a990       _unzLocateFile@12          1000b990 f   unzip.obj
 0001:0000aad0       _unzGetFilePos64@8         1000bad0 f   unzip.obj
 0001:0000ab20       _unzGetFilePos@8           1000bb20 f   unzip.obj
 0001:0000ab50       _unzGoToFilePos64@8        1000bb50 f   unzip.obj
 0001:0000abc0       _unzGoToFilePos@8          1000bbc0 f   unzip.obj
 0001:0000ae40       _unzOpenCurrentFile3@20    1000be40 f   unzip.obj
 0001:0000b080       _unzOpenCurrentFile@4      1000c080 f   unzip.obj
 0001:0000b0a0       _unzOpenCurrentFilePassword@8 1000c0a0 f   unzip.obj
 0001:0000b0c0       _unzOpenCurrentFile2@16    1000c0c0 f   unzip.obj
 0001:0000b0e0       _unzGetCurrentFileZStreamPos64@4 1000c0e0 f   unzip.obj
 0001:0000b120       _unzReadCurrentFile@12     1000c120 f   unzip.obj
 0001:0000b3c0       _unztell@4                 1000c3c0 f   unzip.obj
 0001:0000b3f0       _unztell64@4               1000c3f0 f   unzip.obj
 0001:0000b420       _unzeof@4                  1000c420 f   unzip.obj
 0001:0000b460       _unzGetLocalExtrafield@12  1000c460 f   unzip.obj
 0001:0000b520       _unzCloseCurrentFile@4     1000c520 f   unzip.obj
 0001:0000b5d0       _unzGetGlobalComment@12    1000c5d0 f   unzip.obj
 0001:0000bf30       _LoadCentralDirectoryRecord 1000cf30 f   zip.obj
 0001:0000c3d0       _zipOpen3@16               1000d3d0 f   zip.obj
 0001:0000c530       _zipOpen2@16               1000d530 f   zip.obj
 0001:0000c580       _zipOpen2_64@16            1000d580 f   zip.obj
 0001:0000c5e0       _zipOpen64@8               1000d5e0 f   zip.obj
 0001:0000c5e0       _zipOpen@8                 1000d5e0 f   zip.obj
 0001:0000c600       _Write_LocalFileHeader     1000d600 f   zip.obj
 0001:0000c820       _zipOpenNewFileInZip4_64@76 1000d820 f   zip.obj
 0001:0000ccf0       _zipOpenNewFileInZip3@64   1000dcf0 f   zip.obj
 0001:0000cd50       _zipOpenNewFileInZip3_64@68 1000dd50 f   zip.obj
 0001:0000cdb0       _zipOpenNewFileInZip2@44   1000ddb0 f   zip.obj
 0001:0000ce00       _zipOpenNewFileInZip2_64@48 1000de00 f   zip.obj
 0001:0000ce50       _zipOpenNewFileInZip64@44  1000de50 f   zip.obj
 0001:0000cea0       _zipOpenNewFileInZip@40    1000dea0 f   zip.obj
 0001:0000cfb0       _zipWriteInFileInZip@12    1000dfb0 f   zip.obj
 0001:0000d0b0       _zipCloseFileInZipRaw@12   1000e0b0 f   zip.obj
 0001:0000d0d0       _zipCloseFileInZipRaw64@16 1000e0d0 f   zip.obj
 0001:0000d5e0       _zipCloseFileInZip@4       1000e5e0 f   zip.obj
 0001:0000d600       _Write_Zip64EndOfCentralDirectoryLocator 1000e600 f   zip.obj
 0001:0000d680       _Write_Zip64EndOfCentralDirectoryRecord 1000e680 f   zip.obj
 0001:0000d7a0       _Write_EndOfCentralDirectoryRecord 1000e7a0 f   zip.obj
 0001:0000d8e0       _Write_GlobalComment       1000e8e0 f   zip.obj
 0001:0000d950       _zipClose@8                1000e950 f   zip.obj
 0001:0000dad0       _zlibVersion@0             1000ead0 f   zutil.obj
 0001:0000dae0       _zlibCompileFlags@0        1000eae0 f   zutil.obj
 0001:0000daf0       _zError@4                  1000eaf0 f   zutil.obj
 0001:0000db10       _zcalloc                   1000eb10 f   zutil.obj
 0001:0000db30       _zcfree                    1000eb30 f   zutil.obj
 0001:0000db50       _longest_match             1000eb50 f   match686.obj
 0001:0000dd38       _match_init                1000ed38 f   match686.obj
 0001:0000de40       _inflate_fast              1000ee40 f   inffas32.obj
 0001:0000e4d3       _sprintf                   1000f4d3 f   LIBCMT:sprintf.obj
 0001:0000e557       __lseeki64_nolock          1000f557 f   LIBCMT:lseeki64.obj
 0001:0000e5dc       __lseeki64                 1000f5dc f   LIBCMT:lseeki64.obj
 0001:0000e6c6       _free                      1000f6c6 f   LIBCMT:free.obj
 0001:0000e700       _malloc                    1000f700 f   LIBCMT:malloc.obj
 0001:0000e7a0       _memmove                   1000f7a0 f   LIBCMT:memmove.obj
 0001:0000eb01       __get_sys_err_msg          1000fb01 f i LIBCMT:strerror.obj
 0001:0000eb29       _strerror                  1000fb29 f   LIBCMT:strerror.obj
 0001:0000eba0       _memchr                    1000fba0 f   LIBCMT:memchr.obj
 0001:0000ec4d       __get_errno_from_oserr     1000fc4d f   LIBCMT:dosmap.obj
 0001:0000ec8f       __errno                    1000fc8f f   LIBCMT:dosmap.obj
 0001:0000eca2       ___doserrno                1000fca2 f   LIBCMT:dosmap.obj
 0001:0000ecb5       __dosmaperr                1000fcb5 f   LIBCMT:dosmap.obj
 0001:0000ecd8       __ftelli64_nolock          1000fcd8 f   LIBCMT:ftelli64.obj
 0001:0000f022       __ftelli64                 10010022 f   LIBCMT:ftelli64.obj
 0001:0000f08f       __fseeki64_nolock          1001008f f   LIBCMT:fseeki64.obj
 0001:0000f12b       __fseeki64                 1001012b f   LIBCMT:fseeki64.obj
 0001:0000f1aa       __fsopen                   100101aa f   LIBCMT:fopen.obj
 0001:0000f266       _fopen                     10010266 f   LIBCMT:fopen.obj
 0001:0000f27d       __fread_nolock_s           1001027d f   LIBCMT:fread.obj
 0001:0000f439       _fread_s                   10010439 f   LIBCMT:fread.obj
 0001:0000f4c7       _fread                     100104c7 f   LIBCMT:fread.obj
 0001:0000f4e4       _ferror                    100104e4 f   LIBCMT:feoferr.obj
 0001:0000f50c       __fwrite_nolock            1001050c f   LIBCMT:fwrite.obj
 0001:0000f663       _fwrite                    10010663 f   LIBCMT:fwrite.obj
 0001:0000f6dd       __fclose_nolock            100106dd f   LIBCMT:fclose.obj
 0001:0000f74a       _fclose                    1001074a f   LIBCMT:fclose.obj
 0001:0000f7be       _srand                     100107be f   LIBCMT:rand.obj
 0001:0000f7d0       _rand                      100107d0 f   LIBCMT:rand.obj
 0001:0000f7f1       __time64                   100107f1 f   LIBCMT:time64.obj
 0001:0000f842       __CRT_INIT@12              10010842 f   LIBCMT:dllcrt0.obj
 0001:0000fa9c       __DllMainCRTStartup@12     10010a9c f   LIBCMT:dllcrt0.obj
 0001:0000fabf       __flsbuf                   10010abf f   LIBCMT:_flsbuf.obj
 0001:0000fc23       ??0_LocaleUpdate@@QAE@PAUlocaleinfo_struct@@@Z 10010c23 f i LIBCMT:output.obj
 0001:0000fd3f       __output_l                 10010d3f f   LIBCMT:output.obj
 0001:00010947       __initp_misc_invarg        10011947 f   LIBCMT:invarg.obj
 0001:00010956       __call_reportfault         10011956 f   LIBCMT:invarg.obj
 0001:00010a7f       __invoke_watson            10011a7f f   LIBCMT:invarg.obj
 0001:00010aa4       __invalid_parameter        10011aa4 f   LIBCMT:invarg.obj
 0001:00010ad1       __invalid_parameter_noinfo 10011ad1 f   LIBCMT:invarg.obj
 0001:00010ae1       __ioinit                   10011ae1 f   LIBCMT:ioinit.obj
 0001:00010d26       __ioterm                   10011d26 f   LIBCMT:ioinit.obj
 0001:00010d79       __set_osfhnd               10011d79 f   LIBCMT:osfinfo.obj
 0001:00010dfa       __free_osfhnd              10011dfa f   LIBCMT:osfinfo.obj
 0001:00010e80       __get_osfhandle            10011e80 f   LIBCMT:osfinfo.obj
 0001:00010ee9       ___lock_fhandle            10011ee9 f   LIBCMT:osfinfo.obj
 0001:00010f88       __unlock_fhandle           10011f88 f   LIBCMT:osfinfo.obj
 0001:00010faf       __alloc_osfhnd             10011faf f   LIBCMT:osfinfo.obj
 0001:00011150       __SEH_prolog4              10012150 f   LIBCMT:sehprolg4.obj
 0001:00011195       __SEH_epilog4              10012195 f   LIBCMT:sehprolg4.obj
 0001:000111b0       __except_handler4          100121b0 f   LIBCMT:chandler4.obj
 0001:0001133f       __heap_init                1001233f f   LIBCMT:heapinit.obj
 0001:0001135d       __heap_term                1001235d f   LIBCMT:heapinit.obj
 0001:00011371       ___crtCorExitProcess       10012371 f   LIBCMT:crt0dat.obj
 0001:0001139c       ___crtExitProcess          1001239c f   LIBCMT:crt0dat.obj
 0001:000113b4       __lockexit                 100123b4 f   LIBCMT:crt0dat.obj
 0001:000113bd       __unlockexit               100123bd f   LIBCMT:crt0dat.obj
 0001:000113c6       __init_pointers            100123c6 f   LIBCMT:crt0dat.obj
 0001:000113f9       __initterm_e               100123f9 f   LIBCMT:crt0dat.obj
 0001:0001141d       __cinit                    1001241d f   LIBCMT:crt0dat.obj
 0001:000115f4       __exit                     100125f4 f   LIBCMT:crt0dat.obj
 0001:0001160a       __cexit                    1001260a f   LIBCMT:crt0dat.obj
 0001:00011619       __amsg_exit                10012619 f   LIBCMT:crt0dat.obj
 0001:00011637       __GET_RTERRMSG             10012637 f   LIBCMT:crt0msg.obj
 0001:0001165d       __NMSG_WRITE               1001265d f   LIBCMT:crt0msg.obj
 0001:0001180c       __FF_MSGBANNER             1001280c f   LIBCMT:crt0msg.obj
 0001:00011845       __initp_heap_handler       10012845 f   LIBCMT:handler.obj
 0001:00011854       __callnewh                 10012854 f   LIBCMT:handler.obj
 0001:0001187c       __VEC_memcpy               1001287c f   LIBCMT:p4_memcpy.obj
 0001:0001197f       ___sse2_available_init     1001297f f   LIBCMT:cpu_disp.obj
 0001:0001198f       ___sys_nerr                1001298f f   LIBCMT:syserr.obj
 0001:00011995       ___sys_errlist             10012995 f   LIBCMT:syserr.obj
 0001:0001199b       _strcpy_s                  1001299b f   LIBCMT:strcpy_s.obj
 0001:000119fa       __malloc_crt               100129fa f   LIBCMT:crtheap.obj
 0001:00011a3f       __calloc_crt               10012a3f f   LIBCMT:crtheap.obj
 0001:00011a8b       __realloc_crt              10012a8b f   LIBCMT:crtheap.obj
 0001:00011ad9       __encoded_null             10012ad9 f   LIBCMT:tidtable.obj
 0001:00011ae2       ___crtTlsAlloc@4           10012ae2 f   LIBCMT:tidtable.obj
 0001:00011aeb       ___set_flsgetvalue         10012aeb f   LIBCMT:tidtable.obj
 0001:00011b1f       __mtterm                   10012b1f f   LIBCMT:tidtable.obj
 0001:00011b5c       __initptd                  10012b5c f   LIBCMT:tidtable.obj
 0001:00011c10       __getptd_noexit            10012c10 f   LIBCMT:tidtable.obj
 0001:00011c89       __getptd                   10012c89 f   LIBCMT:tidtable.obj
 0001:00011ca3       __freefls@4                10012ca3 f   LIBCMT:tidtable.obj
 0001:00011dd2       __freeptd                  10012dd2 f   LIBCMT:tidtable.obj
 0001:00011e40       __mtinit                   10012e40 f   LIBCMT:tidtable.obj
 0001:00011fbb       __vsnprintf_l              10012fbb f   LIBCMT:vsnprint.obj
 0001:00012067       _vsnprintf                 10013067 f   LIBCMT:vsnprint.obj
 0001:00012067       __vsnprintf                10013067 f   LIBCMT:vsnprint.obj
 0001:00012084       __read_nolock              10013084 f   LIBCMT:read.obj
 0001:0001263b       __read                     1001363b f   LIBCMT:read.obj
 0001:0001263b       _read                      1001363b f   LIBCMT:read.obj
 0001:00012731       __fileno                   10013731 f   LIBCMT:fileno.obj
 0001:00012757       @__security_check_cookie@4 10013757 f   LIBCMT:secchk.obj
 0001:00012770       __alloca_probe             10013770     LIBCMT:chkstk.obj
 0001:00012770       __chkstk                   10013770 f   LIBCMT:chkstk.obj
 0001:0001279b       ___iob_func                1001379b f   LIBCMT:_file.obj
 0001:000127a1       ___initstdio               100137a1 f   LIBCMT:_file.obj
 0001:00012852       ___endstdio                10013852 f   LIBCMT:_file.obj
 0001:00012872       __lock_file                10013872 f   LIBCMT:_file.obj
 0001:000128b3       __lock_file2               100138b3 f   LIBCMT:_file.obj
 0001:000128e5       __unlock_file              100138e5 f   LIBCMT:_file.obj
 0001:00012921       __unlock_file2             10013921 f   LIBCMT:_file.obj
 0001:00012950       __flush                    10013950 f   LIBCMT:fflush.obj
 0001:000129b8       __fflush_nolock            100139b8 f   LIBCMT:fflush.obj
 0001:00012ada       __flushall                 10013ada f   LIBCMT:fflush.obj
 0001:00012ae3       __openfile                 10013ae3 f   LIBCMT:_open.obj
 0001:00012d7a       __getstream                10013d7a f   LIBCMT:stream.obj
 0001:00012eb0       __local_unwind4            10013eb0 f   LIBCMT:exsup4.obj
 0001:00012f86       __seh_longjmp_unwind4@4    10013f86 f   LIBCMT:exsup4.obj
 0001:00012fa2       @_EH4_CallFilterFunc@8     10013fa2 f   LIBCMT:exsup4.obj
 0001:00012fb9       @_EH4_TransferToHandler@8  10013fb9 f   LIBCMT:exsup4.obj
 0001:00012fd2       @_EH4_GlobalUnwind2@8      10013fd2 f   LIBCMT:exsup4.obj
 0001:00012feb       @_EH4_LocalUnwind@16       10013feb f   LIBCMT:exsup4.obj
 0001:00013002       __filbuf                   10014002 f   LIBCMT:_filbuf.obj
 0001:00013124       _memcpy_s                  10014124 f   LIBCMT:memcpy_s.obj
 0001:000131a0       _memset                    100141a0 f   LIBCMT:memset.obj
 0001:0001321a       __write_nolock             1001421a f   LIBCMT:write.obj
 0001:00013917       _write                     10014917 f   LIBCMT:write.obj
 0001:00013917       __write                    10014917 f   LIBCMT:write.obj
 0001:000139f0       _memcpy                    100149f0 f   LIBCMT:memcpy.obj
 0001:00013d51       __lseek_nolock             10014d51 f   LIBCMT:lseek.obj
 0001:00013dc6       __close_nolock             10014dc6 f   LIBCMT:close.obj
 0001:00013e62       _close                     10014e62 f   LIBCMT:close.obj
 0001:00013e62       __close                    10014e62 f   LIBCMT:close.obj
 0001:00013f26       __freebuf                  10014f26 f   LIBCMT:_freebuf.obj
 0001:00013f60       __aulldiv                  10014f60 f   LIBCMT:ulldiv.obj
 0001:00013fc8       __setenvp                  10014fc8 f   LIBCMT:stdenvp.obj
 0001:0001423e       __setargv                  1001523e f   LIBCMT:stdargv.obj
 0001:000142f9       ___crtGetEnvironmentStringsA 100152f9 f   LIBCMT:a_env.obj
 0001:00014390       __RTC_Initialize           10015390 f   LIBCMT:_initsect_.obj
 0001:000143b6       __RTC_Terminate            100153b6 f   LIBCMT:_initsect_.obj
 0001:000143dc       __XcptFilter               100153dc f   LIBCMT:winxfltr.obj
 0001:00014526       ___CppXcptFilter           10015526 f   LIBCMT:winxfltr.obj
 0001:00014546       _DllMain@12                10015546 f   LIBCMT:dllmain.obj
 0001:0001454c       ___security_init_cookie    1001554c f   LIBCMT:gs_support.obj
 0001:000145e7       __getbuf                   100155e7 f   LIBCMT:_getbuf.obj
 0001:00014630       __isatty                   10015630 f   LIBCMT:isatty.obj
 0001:000148a9       ___updatetmbcinfo          100158a9 f   LIBCMT:mbctype.obj
 0001:000149c9       __setmbcp_nolock           100159c9 f   LIBCMT:mbctype.obj
 0001:00014bb2       __setmbcp                  10015bb2 f   LIBCMT:mbctype.obj
 0001:00014d4c       ___initmbctable            10015d4c f   LIBCMT:mbctype.obj
 0001:00014d6a       ___addlocaleref            10015d6a f   LIBCMT:localref.obj
 0001:00014df9       ___removelocaleref         10015df9 f   LIBCMT:localref.obj
 0001:00014e92       ___freetlocinfo            10015e92 f   LIBCMT:localref.obj
 0001:00014fdd       __updatetlocinfoEx_nolock  10015fdd f   LIBCMT:localref.obj
 0001:0001502a       ___updatetlocinfo          1001602a f   LIBCMT:localref.obj
 0001:000150a3       __initp_misc_cfltcvt_tab   100160a3 f   LIBCMT:cmiscdat.obj
 0001:000150c6       __get_printf_count_output  100160c6 f   LIBCMT:printf.obj
 0001:000150e0       _strlen                    100160e0 f   LIBCMT:strlen.obj
 0001:0001516b       __wctomb_s_l               1001616b f   LIBCMT:wctomb.obj
 0001:000152c0       _wctomb_s                  100162c0 f   LIBCMT:wctomb.obj
 0001:000152dd       __isleadbyte_l             100162dd f i LIBCMT:_wctype.obj
 0001:00015315       _isleadbyte                10016315 f i LIBCMT:_wctype.obj
 0001:00015330       __aulldvrm                 10016330 f   LIBCMT:ulldvrm.obj
 0001:000153c5       __crt_debugger_hook        100163c5 f   LIBCMT:dbghook.obj
 0001:000153cd       __mtinitlocks              100163cd f   LIBCMT:mlock.obj
 0001:00015417       __mtdeletelocks            10016417 f   LIBCMT:mlock.obj
 0001:0001546e       __unlock                   1001646e f   LIBCMT:mlock.obj
 0001:00015485       __mtinitlocknum            10016485 f   LIBCMT:mlock.obj
 0001:00015547       __lock                     10016547 f   LIBCMT:mlock.obj
 0001:00015580       __ValidateImageBase        10016580 f   LIBCMT:pesect.obj
 0001:000155c0       __FindPESection            100165c0 f   LIBCMT:pesect.obj
 0001:00015610       __IsNonwritableInCurrentImage 10016610 f   LIBCMT:pesect.obj
 0001:000156cc       ?terminate@@YAXXZ          100166cc f   LIBCMT:hooks.obj
 0001:00015705       __initp_eh_hooks           10016705 f   LIBCMT:hooks.obj
 0001:00015716       __initp_misc_winsig        10016716 f   LIBCMT:winsig.obj
 0001:0001576b       ___get_sigabrt             1001676b f   LIBCMT:winsig.obj
 0001:00015778       _raise                     10016778 f   LIBCMT:winsig.obj
 0001:0001591b       __initp_misc_rand_s        1001691b f   LIBCMT:rand_s.obj
 0001:0001592a       __initp_misc_purevirt      1001692a f   LIBCMT:inithelp.obj
 0001:000159ef       ___onexitinit              100169ef f   LIBCMT:onexit.obj
 0001:00015a20       __onexit                   10016a20 f   LIBCMT:onexit.obj
 0001:00015a5c       _atexit                    10016a5c f   LIBCMT:onexit.obj
 0001:00015a73       ___crtMessageBoxW          10016a73 f   LIBCMT:crtmboxw.obj
 0001:00015bdf       _wcscat_s                  10016bdf f   LIBCMT:wcscat_s.obj
 0001:00015c54       _wcsncpy_s                 10016c54 f   LIBCMT:wcsncpy_s.obj
 0001:00015d21       _wcslen                    10016d21 f   LIBCMT:wcslen.obj
 0001:00015d3c       _wcscpy_s                  10016d3c f   LIBCMT:wcscpy_s.obj
 0001:00015d9f       __set_error_mode           10016d9f f   LIBCMT:errmode.obj
 0001:00015dde       __calloc_impl              10016dde f   LIBCMT:calloc_impl.obj
 0001:00015e60       _realloc                   10016e60 f   LIBCMT:realloc.obj
 0001:00015f0d       ___report_gsfailure        10016f0d f   LIBCMT:gs_report.obj
 0001:00016013       __fcloseall                10017013 f   LIBCMT:closeall.obj
 0001:000160af       __commit                   100170af f   LIBCMT:commit.obj
 0001:000168bc       _open                      100178bc f   LIBCMT:open.obj
 0001:000168bc       __open                     100178bc f   LIBCMT:open.obj
 0001:0001696a       __sopen_helper             1001796a f   LIBCMT:open.obj
 0001:00016a2e       __sopen_s                  10017a2e f   LIBCMT:open.obj
 0001:00016a4e       __mbsnbicmp_l              10017a4e f   LIBCMT:mbsnbicm.obj
 0001:00016c52       __mbsnbicmp                10017c52 f   LIBCMT:mbsnbicm.obj
 0001:00016c6c       __mbsnbcmp_l               10017c6c f   LIBCMT:mbsnbcmp.obj
 0001:00016db8       __mbsnbcmp                 10017db8 f   LIBCMT:mbsnbcmp.obj
 0001:00016de0       __global_unwind2           10017de0 f   LIBCMT:exsup.obj
 0001:00016e45       __local_unwind2            10017e45 f   LIBCMT:exsup.obj
 0001:00016ec9       __abnormal_termination     10017ec9 f   LIBCMT:exsup.obj
 0001:00016eec       __NLG_Notify1              10017eec f   LIBCMT:exsup.obj
 0001:00016ef5       __NLG_Notify               10017ef5 f   LIBCMT:exsup.obj
 0001:00016f0c       __NLG_Dispatch2            10017f0c     LIBCMT:exsup.obj
 0001:00016f0c       __NLG_Dispatch             10017f0c     LIBCMT:exsup.obj
 0001:00016f14       __NLG_Call                 10017f14 f   LIBCMT:exsup.obj
 0001:00016f16       __NLG_Return2              10017f16     LIBCMT:exsup.obj
 0001:00016f17       __VEC_memzero              10017f17 f   LIBCMT:p4_memset.obj
 0001:00016fd1       __putwch_nolock            10017fd1 f   LIBCMT:putwch.obj
 0001:00017013       __mbtowc_l                 10018013 f   LIBCMT:mbtowc.obj
 0001:00017129       _mbtowc                    10018129 f   LIBCMT:mbtowc.obj
 0001:00017196       __ismbblead                10018196 f   LIBCMT:ismbbyte.obj
 0001:000171ae       __freea                    100181ae f i LIBCMT:a_map.obj
 0001:000173b5       ___crtLCMapStringA         100183b5 f   LIBCMT:a_map.obj
 0001:000174e2       ___crtGetStringTypeA       100184e2 f   LIBCMT:a_str.obj
 0001:00017522       ___free_lc_time            10018522 f   LIBCMT:inittime.obj
 0001:00017899       ___free_lconv_num          10018899 f   LIBCMT:initnum.obj
 0001:00017902       ___free_lconv_mon          10018902 f   LIBCMT:initmon.obj
 0001:00017a00       __fptrap                   10018a00 f   LIBCMT:crt0fp.obj
 0001:00017a09       _abort                     10018a09 f   LIBCMT:abort.obj
 0001:00017a3c       __msize                    10018a3c f   LIBCMT:msize.obj
 0001:00017a6f       __chsize_nolock            10018a6f f   LIBCMT:chsize.obj
 0001:00017c25       __setmode_nolock           10018c25 f   LIBCMT:setmode.obj
 0001:00017ce0       __get_fmode                10018ce0 f   LIBCMT:setmode.obj
 0001:00017d0d       __strnicmp_l               10018d0d f   LIBCMT:strnicmp.obj
 0001:00017def       __strnicmp                 10018def f   LIBCMT:strnicmp.obj
 0001:00017e42       _strncmp                   10018e42 f   LIBCMT:strncmp.obj
 0001:00017f02       ___initconout              10018f02 f   LIBCMT:initcon.obj
 0001:00017f21       ___termconout              10018f21 f   LIBCMT:initcon.obj
 0001:00017f40       __alloca_probe_16          10018f40 f   LIBCMT:alloca16.obj
 0001:00017f56       __alloca_probe_8           10018f56     LIBCMT:alloca16.obj
 0001:00017f6c       __isctype_l                10018f6c f   LIBCMT:isctype.obj
 0001:00018024       __tolower_l                10019024 f   LIBCMT:tolower.obj
 0001:00018140       ___ascii_strnicmp          10019140 f   LIBCMT:_strnicm.obj
 0001:000181b0       _strcspn                   100191b0 f   LIBCMT:strcspn.obj
 0001:00018200       _strcmp                    10019200 f   LIBCMT:strcmp.obj
 0001:00018290       _strpbrk                   10019290 f   LIBCMT:strpbrk.obj
 0001:000182d0       __allmul                   100192d0 f   LIBCMT:llmul.obj
 0001:00018304       _RtlUnwind@16              10019304 f   kernel32:KERNEL32.dll
 0001:00018310       __alldiv                   10019310 f   LIBCMT:lldiv.obj
 0002:00000000       __imp__CreateFileA@28      1001a000     kernel32:KERNEL32.dll
 0002:00000004       __imp__SetFilePointer@16   1001a004     kernel32:KERNEL32.dll
 0002:00000008       __imp__WriteFile@20        1001a008     kernel32:KERNEL32.dll
 0002:0000000c       __imp__ReadFile@20         1001a00c     kernel32:KERNEL32.dll
 0002:00000010       __imp__CreateFileW@28      1001a010     kernel32:KERNEL32.dll
 0002:00000014       __imp__GetLastError@0      1001a014     kernel32:KERNEL32.dll
 0002:00000018       __imp__CloseHandle@4       1001a018     kernel32:KERNEL32.dll
 0002:0000001c       __imp__HeapFree@12         1001a01c     kernel32:KERNEL32.dll
 0002:00000020       __imp__HeapAlloc@12        1001a020     kernel32:KERNEL32.dll
 0002:00000024       __imp__GetSystemTimeAsFileTime@4 1001a024     kernel32:KERNEL32.dll
 0002:00000028       __imp__GetCurrentThreadId@0 1001a028     kernel32:KERNEL32.dll
 0002:0000002c       __imp__DecodePointer@4     1001a02c     kernel32:KERNEL32.dll
 0002:00000030       __imp__GetCommandLineA@0   1001a030     kernel32:KERNEL32.dll
 0002:00000034       __imp__UnhandledExceptionFilter@4 1001a034     kernel32:KERNEL32.dll
 0002:00000038       __imp__SetUnhandledExceptionFilter@4 1001a038     kernel32:KERNEL32.dll
 0002:0000003c       __imp__IsDebuggerPresent@0 1001a03c     kernel32:KERNEL32.dll
 0002:00000040       __imp__EncodePointer@4     1001a040     kernel32:KERNEL32.dll
 0002:00000044       __imp__TerminateProcess@8  1001a044     kernel32:KERNEL32.dll
 0002:00000048       __imp__GetCurrentProcess@0 1001a048     kernel32:KERNEL32.dll
 0002:0000004c       __imp__SetHandleCount@4    1001a04c     kernel32:KERNEL32.dll
 0002:00000050       __imp__GetStdHandle@4      1001a050     kernel32:KERNEL32.dll
 0002:00000054       __imp__InitializeCriticalSectionAndSpinCount@8 1001a054     kernel32:KERNEL32.dll
 0002:00000058       __imp__GetFileType@4       1001a058     kernel32:KERNEL32.dll
 0002:0000005c       __imp__GetStartupInfoW@4   1001a05c     kernel32:KERNEL32.dll
 0002:00000060       __imp__DeleteCriticalSection@4 1001a060     kernel32:KERNEL32.dll
 0002:00000064       __imp__SetStdHandle@8      1001a064     kernel32:KERNEL32.dll
 0002:00000068       __imp__EnterCriticalSection@4 1001a068     kernel32:KERNEL32.dll
 0002:0000006c       __imp__LeaveCriticalSection@4 1001a06c     kernel32:KERNEL32.dll
 0002:00000070       __imp__HeapCreate@12       1001a070     kernel32:KERNEL32.dll
 0002:00000074       __imp__HeapDestroy@4       1001a074     kernel32:KERNEL32.dll
 0002:00000078       __imp__GetProcAddress@8    1001a078     kernel32:KERNEL32.dll
 0002:0000007c       __imp__GetModuleHandleW@4  1001a07c     kernel32:KERNEL32.dll
 0002:00000080       __imp__ExitProcess@4       1001a080     kernel32:KERNEL32.dll
 0002:00000084       __imp__GetModuleFileNameW@12 1001a084     kernel32:KERNEL32.dll
 0002:00000088       __imp__IsProcessorFeaturePresent@4 1001a088     kernel32:KERNEL32.dll
 0002:0000008c       __imp__Sleep@4             1001a08c     kernel32:KERNEL32.dll
 0002:00000090       __imp__TlsAlloc@0          1001a090     kernel32:KERNEL32.dll
 0002:00000094       __imp__TlsGetValue@4       1001a094     kernel32:KERNEL32.dll
 0002:00000098       __imp__TlsSetValue@8       1001a098     kernel32:KERNEL32.dll
 0002:0000009c       __imp__TlsFree@4           1001a09c     kernel32:KERNEL32.dll
 0002:000000a0       __imp__InterlockedIncrement@4 1001a0a0     kernel32:KERNEL32.dll
 0002:000000a4       __imp__SetLastError@4      1001a0a4     kernel32:KERNEL32.dll
 0002:000000a8       __imp__InterlockedDecrement@4 1001a0a8     kernel32:KERNEL32.dll
 0002:000000ac       __imp__MultiByteToWideChar@24 1001a0ac     kernel32:KERNEL32.dll
 0002:000000b0       __imp__RtlUnwind@16        1001a0b0     kernel32:KERNEL32.dll
 0002:000000b4       __imp__WideCharToMultiByte@32 1001a0b4     kernel32:KERNEL32.dll
 0002:000000b8       __imp__GetConsoleCP@0      1001a0b8     kernel32:KERNEL32.dll
 0002:000000bc       __imp__GetConsoleMode@8    1001a0bc     kernel32:KERNEL32.dll
 0002:000000c0       __imp__GetModuleFileNameA@12 1001a0c0     kernel32:KERNEL32.dll
 0002:000000c4       __imp__FreeEnvironmentStringsW@4 1001a0c4     kernel32:KERNEL32.dll
 0002:000000c8       __imp__GetEnvironmentStringsW@0 1001a0c8     kernel32:KERNEL32.dll
 0002:000000cc       __imp__QueryPerformanceCounter@4 1001a0cc     kernel32:KERNEL32.dll
 0002:000000d0       __imp__GetTickCount@0      1001a0d0     kernel32:KERNEL32.dll
 0002:000000d4       __imp__GetCurrentProcessId@0 1001a0d4     kernel32:KERNEL32.dll
 0002:000000d8       __imp__GetCPInfo@8         1001a0d8     kernel32:KERNEL32.dll
 0002:000000dc       __imp__GetACP@0            1001a0dc     kernel32:KERNEL32.dll
 0002:000000e0       __imp__GetOEMCP@0          1001a0e0     kernel32:KERNEL32.dll
 0002:000000e4       __imp__IsValidCodePage@4   1001a0e4     kernel32:KERNEL32.dll
 0002:000000e8       __imp__LoadLibraryW@4      1001a0e8     kernel32:KERNEL32.dll
 0002:000000ec       __imp__HeapReAlloc@16      1001a0ec     kernel32:KERNEL32.dll
 0002:000000f0       __imp__FlushFileBuffers@4  1001a0f0     kernel32:KERNEL32.dll
 0002:000000f4       __imp__WriteConsoleW@20    1001a0f4     kernel32:KERNEL32.dll
 0002:000000f8       __imp__LCMapStringW@24     1001a0f8     kernel32:KERNEL32.dll
 0002:000000fc       __imp__GetStringTypeW@16   1001a0fc     kernel32:KERNEL32.dll
 0002:00000100       __imp__HeapSize@12         1001a100     kernel32:KERNEL32.dll
 0002:00000104       __imp__SetEndOfFile@4      1001a104     kernel32:KERNEL32.dll
 0002:00000108       __imp__GetProcessHeap@0    1001a108     kernel32:KERNEL32.dll
 0002:0000010c       \177KERNEL32_NULL_THUNK_DATA 1001a10c     kernel32:KERNEL32.dll
 0002:00000110       ___xc_a                    1001a110     LIBCMT:crt0init.obj
 0002:00000114       ___xc_z                    1001a114     LIBCMT:crt0init.obj
 0002:00000118       ___xi_a                    1001a118     LIBCMT:crt0init.obj
 0002:0000012c       ___xi_z                    1001a12c     LIBCMT:crt0init.obj
 0002:00000130       ___xp_a                    1001a130     LIBCMT:crt0init.obj
 0002:0000013c       ___xp_z                    1001a13c     LIBCMT:crt0init.obj
 0002:00000140       ___xt_a                    1001a140     LIBCMT:crt0init.obj
 0002:00000144       ___xt_z                    1001a144     LIBCMT:crt0init.obj
 0002:00000148       ??_C@_0EA@FCLIIPNN@Visual?5C?$CL?$CL?5CRT?3?5Not?5enough?5memor@ 1001a148     LIBCMT:strerror.obj
 0002:00000188       __pDefaultRawDllMain       1001a188     LIBCMT:dllcrt0.obj
 0002:00000188       __pRawDllMain              1001a188     LIBCMT:dllcrt0.obj
 0002:0000018c       ??_C@_1O@CEDCILHN@?$AA?$CI?$AAn?$AAu?$AAl?$AAl?$AA?$CJ?$AA?$AA@ 1001a18c     LIBCMT:output.obj
 0002:0000019c       ??_C@_06OJHGLDPL@?$CInull?$CJ?$AA@ 1001a19c     LIBCMT:output.obj
 0002:000001a8       ___lookuptable             1001a1a8     LIBCMT:output.obj
 0002:00000204       ??_C@_0P@MIGLKIOC@CorExitProcess?$AA@ 1001a204     LIBCMT:crt0dat.obj
 0002:00000214       ??_C@_1BI@BGOHAHKC@?$AAm?$AAs?$AAc?$AAo?$AAr?$AAe?$AAe?$AA?4?$AAd?$AAl?$AAl?$AA?$AA@ 1001a214     LIBCMT:crt0dat.obj
 0002:0000022c       ??_C@_1BO@BKOMIGKJ@?$AAr?$AAu?$AAn?$AAt?$AAi?$AAm?$AAe?$AA?5?$AAe?$AAr?$AAr?$AAo?$AAr?$AA?5?$AA?$AA@ 1001a22c     LIBCMT:crt0msg.obj
 0002:0000024c       ??_C@_15JNBOKNOG@?$AA?$AN?$AA?6?$AA?$AA@ 1001a24c     LIBCMT:crt0msg.obj
 0002:00000254       ??_C@_1BM@JBBEPPHI@?$AAT?$AAL?$AAO?$AAS?$AAS?$AA?5?$AAe?$AAr?$AAr?$AAo?$AAr?$AA?$AN?$AA?6?$AA?$AA@ 1001a254     LIBCMT:crt0msg.obj
 0002:00000270       ??_C@_1BK@KMOMNAAI@?$AAS?$AAI?$AAN?$AAG?$AA?5?$AAe?$AAr?$AAr?$AAo?$AAr?$AA?$AN?$AA?6?$AA?$AA@ 1001a270     LIBCMT:crt0msg.obj
 0002:0000028c       ??_C@_1BO@BFCDCGC@?$AAD?$AAO?$AAM?$AAA?$AAI?$AAN?$AA?5?$AAe?$AAr?$AAr?$AAo?$AAr?$AA?$AN?$AA?6?$AA?$AA@ 1001a28c     LIBCMT:crt0msg.obj
 0002:000002b0       ??_C@_1BOO@KGEDBGAJ@?$AAR?$AA6?$AA0?$AA3?$AA3?$AA?$AN?$AA?6?$AA?9?$AA?5?$AAA?$AAt?$AAt?$AAe?$AAm?$AAp?$AAt?$AA?5?$AAt?$AAo?$AA?5?$AAu?$AAs?$AAe?$AA?5?$AAM?$AAS?$AAI?$AAL?$AA?5?$AAc?$AAo?$AAd@ 1001a2b0     LIBCMT:crt0msg.obj
 0002:000004a0       ??_C@_1GG@GOPILAJP@?$AAR?$AA6?$AA0?$AA3?$AA2?$AA?$AN?$AA?6?$AA?9?$AA?5?$AAn?$AAo?$AAt?$AA?5?$AAe?$AAn?$AAo?$AAu?$AAg?$AAh?$AA?5?$AAs?$AAp?$AAa?$AAc?$AAe?$AA?5?$AAf?$AAo?$AAr?$AA?5?$AAl?$AAo@ 1001a4a0     LIBCMT:crt0msg.obj
 0002:00000508       ??_C@_1MG@ENCOOIDF@?$AAR?$AA6?$AA0?$AA3?$AA1?$AA?$AN?$AA?6?$AA?9?$AA?5?$AAA?$AAt?$AAt?$AAe?$AAm?$AAp?$AAt?$AA?5?$AAt?$AAo?$AA?5?$AAi?$AAn?$AAi?$AAt?$AAi?$AAa?$AAl?$AAi?$AAz?$AAe?$AA?5?$AAt@ 1001a508     LIBCMT:crt0msg.obj
 0002:000005d0       ??_C@_1DO@BMFCDCD@?$AAR?$AA6?$AA0?$AA3?$AA0?$AA?$AN?$AA?6?$AA?9?$AA?5?$AAC?$AAR?$AAT?$AA?5?$AAn?$AAo?$AAt?$AA?5?$AAi?$AAn?$AAi?$AAt?$AAi?$AAa?$AAl?$AAi?$AAz?$AAe?$AAd?$AA?$AN?$AA?6?$AA?$AA@ 1001a5d0     LIBCMT:crt0msg.obj
 0002:00000610       ??_C@_1EK@HHFLMAOL@?$AAR?$AA6?$AA0?$AA2?$AA8?$AA?$AN?$AA?6?$AA?9?$AA?5?$AAu?$AAn?$AAa?$AAb?$AAl?$AAe?$AA?5?$AAt?$AAo?$AA?5?$AAi?$AAn?$AAi?$AAt?$AAi?$AAa?$AAl?$AAi?$AAz?$AAe?$AA?5?$AAh?$AAe@ 1001a610     LIBCMT:crt0msg.obj
 0002:00000660       ??_C@_1GK@MFGOKLAG@?$AAR?$AA6?$AA0?$AA2?$AA7?$AA?$AN?$AA?6?$AA?9?$AA?5?$AAn?$AAo?$AAt?$AA?5?$AAe?$AAn?$AAo?$AAu?$AAg?$AAh?$AA?5?$AAs?$AAp?$AAa?$AAc?$AAe?$AA?5?$AAf?$AAo?$AAr?$AA?5?$AAl?$AAo@ 1001a660     LIBCMT:crt0msg.obj
 0002:000006d0       ??_C@_1GK@MCAAGJMO@?$AAR?$AA6?$AA0?$AA2?$AA6?$AA?$AN?$AA?6?$AA?9?$AA?5?$AAn?$AAo?$AAt?$AA?5?$AAe?$AAn?$AAo?$AAu?$AAg?$AAh?$AA?5?$AAs?$AAp?$AAa?$AAc?$AAe?$AA?5?$AAf?$AAo?$AAr?$AA?5?$AAs?$AAt@ 1001a6d0     LIBCMT:crt0msg.obj
 0002:00000740       ??_C@_1EM@MAADIHMB@?$AAR?$AA6?$AA0?$AA2?$AA5?$AA?$AN?$AA?6?$AA?9?$AA?5?$AAp?$AAu?$AAr?$AAe?$AA?5?$AAv?$AAi?$AAr?$AAt?$AAu?$AAa?$AAl?$AA?5?$AAf?$AAu?$AAn?$AAc?$AAt?$AAi?$AAo?$AAn?$AA?5?$AAc@ 1001a740     LIBCMT:crt0msg.obj
 0002:00000790       ??_C@_1GK@FHCKBEFA@?$AAR?$AA6?$AA0?$AA2?$AA4?$AA?$AN?$AA?6?$AA?9?$AA?5?$AAn?$AAo?$AAt?$AA?5?$AAe?$AAn?$AAo?$AAu?$AAg?$AAh?$AA?5?$AAs?$AAp?$AAa?$AAc?$AAe?$AA?5?$AAf?$AAo?$AAr?$AA?5?$AA_?$AAo@ 1001a790     LIBCMT:crt0msg.obj
 0002:00000800       ??_C@_1FC@ECHBIFBC@?$AAR?$AA6?$AA0?$AA1?$AA9?$AA?$AN?$AA?6?$AA?9?$AA?5?$AAu?$AAn?$AAa?$AAb?$AAl?$AAe?$AA?5?$AAt?$AAo?$AA?5?$AAo?$AAp?$AAe?$AAn?$AA?5?$AAc?$AAo?$AAn?$AAs?$AAo?$AAl?$AAe?$AA?5@ 1001a800     LIBCMT:crt0msg.obj
 0002:00000858       ??_C@_1EC@JIBHAOPH@?$AAR?$AA6?$AA0?$AA1?$AA8?$AA?$AN?$AA?6?$AA?9?$AA?5?$AAu?$AAn?$AAe?$AAx?$AAp?$AAe?$AAc?$AAt?$AAe?$AAd?$AA?5?$AAh?$AAe?$AAa?$AAp?$AA?5?$AAe?$AAr?$AAr?$AAo?$AAr?$AA?$AN?$AA?6@ 1001a858     LIBCMT:crt0msg.obj
 0002:000008a0       ??_C@_1FK@BEOGODMC@?$AAR?$AA6?$AA0?$AA1?$AA7?$AA?$AN?$AA?6?$AA?9?$AA?5?$AAu?$AAn?$AAe?$AAx?$AAp?$AAe?$AAc?$AAt?$AAe?$AAd?$AA?5?$AAm?$AAu?$AAl?$AAt?$AAi?$AAt?$AAh?$AAr?$AAe?$AAa?$AAd?$AA?5@ 1001a8a0     LIBCMT:crt0msg.obj
 0002:00000900       ??_C@_1FI@LOGNIKDM@?$AAR?$AA6?$AA0?$AA1?$AA6?$AA?$AN?$AA?6?$AA?9?$AA?5?$AAn?$AAo?$AAt?$AA?5?$AAe?$AAn?$AAo?$AAu?$AAg?$AAh?$AA?5?$AAs?$AAp?$AAa?$AAc?$AAe?$AA?5?$AAf?$AAo?$AAr?$AA?5?$AAt?$AAh@ 1001a900     LIBCMT:crt0msg.obj
 0002:00000958       ??_C@_1EG@BEHAGFJD@?$AAR?$AA6?$AA0?$AA1?$AA0?$AA?$AN?$AA?6?$AA?9?$AA?5?$AAa?$AAb?$AAo?$AAr?$AAt?$AA?$CI?$AA?$CJ?$AA?5?$AAh?$AAa?$AAs?$AA?5?$AAb?$AAe?$AAe?$AAn?$AA?5?$AAc?$AAa?$AAl?$AAl?$AAe?$AAd@ 1001a958     LIBCMT:crt0msg.obj
 0002:000009a0       ??_C@_1FI@HONFMGBI@?$AAR?$AA6?$AA0?$AA0?$AA9?$AA?$AN?$AA?6?$AA?9?$AA?5?$AAn?$AAo?$AAt?$AA?5?$AAe?$AAn?$AAo?$AAu?$AAg?$AAh?$AA?5?$AAs?$AAp?$AAa?$AAc?$AAe?$AA?5?$AAf?$AAo?$AAr?$AA?5?$AAe?$AAn@ 1001a9a0     LIBCMT:crt0msg.obj
 0002:000009f8       ??_C@_1FE@LLNEDJMD@?$AAR?$AA6?$AA0?$AA0?$AA8?$AA?$AN?$AA?6?$AA?9?$AA?5?$AAn?$AAo?$AAt?$AA?5?$AAe?$AAn?$AAo?$AAu?$AAg?$AAh?$AA?5?$AAs?$AAp?$AAa?$AAc?$AAe?$AA?5?$AAf?$AAo?$AAr?$AA?5?$AAa?$AAr@ 1001a9f8     LIBCMT:crt0msg.obj
 0002:00000a50       ??_C@_1FK@PGACCAFB@?$AAR?$AA6?$AA0?$AA0?$AA2?$AA?$AN?$AA?6?$AA?9?$AA?5?$AAf?$AAl?$AAo?$AAa?$AAt?$AAi?$AAn?$AAg?$AA?5?$AAp?$AAo?$AAi?$AAn?$AAt?$AA?5?$AAs?$AAu?$AAp?$AAp?$AAo?$AAr?$AAt?$AA?5@ 1001aa50     LIBCMT:crt0msg.obj
 0002:00000b60       ??_C@_1EK@MBDPDCGA@?$AAM?$AAi?$AAc?$AAr?$AAo?$AAs?$AAo?$AAf?$AAt?$AA?5?$AAV?$AAi?$AAs?$AAu?$AAa?$AAl?$AA?5?$AAC?$AA?$CL?$AA?$CL?$AA?5?$AAR?$AAu?$AAn?$AAt?$AAi?$AAm?$AAe?$AA?5?$AAL?$AAi?$AAb@ 1001ab60     LIBCMT:crt0msg.obj
 0002:00000bac       ??_C@_15IABLJNFO@?$AA?6?$AA?6?$AA?$AA@ 1001abac     LIBCMT:crt0msg.obj
 0002:00000bb4       ??_C@_17LGKOMLJ@?$AA?4?$AA?4?$AA?4?$AA?$AA@ 1001abb4     LIBCMT:crt0msg.obj
 0002:00000bbc       ??_C@_1CO@EAEJAADC@?$AA?$DM?$AAp?$AAr?$AAo?$AAg?$AAr?$AAa?$AAm?$AA?5?$AAn?$AAa?$AAm?$AAe?$AA?5?$AAu?$AAn?$AAk?$AAn?$AAo?$AAw?$AAn?$AA?$DO?$AA?$AA@ 1001abbc     LIBCMT:crt0msg.obj
 0002:00000bec       ??_C@_1DE@JNGNBFGO@?$AAR?$AAu?$AAn?$AAt?$AAi?$AAm?$AAe?$AA?5?$AAE?$AAr?$AAr?$AAo?$AAr?$AA?$CB?$AA?6?$AA?6?$AAP?$AAr?$AAo?$AAg?$AAr?$AAa?$AAm?$AA?3?$AA?5?$AA?$AA@ 1001abec     LIBCMT:crt0msg.obj
 0002:00000c20       ??_C@_0BG@KLEAJEFJ@Illegal?5byte?5sequence?$AA@ 1001ac20     LIBCMT:syserr.obj
 0002:00000c38       ??_C@_0BE@ICMCHPHH@Directory?5not?5empty?$AA@ 1001ac38     LIBCMT:syserr.obj
 0002:00000c4c       ??_C@_0BJ@IHEHINLI@Function?5not?5implemented?$AA@ 1001ac4c     LIBCMT:syserr.obj
 0002:00000c68       ??_C@_0BD@CLHBCGPB@No?5locks?5available?$AA@ 1001ac68     LIBCMT:syserr.obj
 0002:00000c7c       ??_C@_0BC@BEDIHIDK@Filename?5too?5long?$AA@ 1001ac7c     LIBCMT:syserr.obj
 0002:00000c90       ??_C@_0BK@JAEBMJJM@Resource?5deadlock?5avoided?$AA@ 1001ac90     LIBCMT:syserr.obj
 0002:00000cac       ??_C@_0BB@FCBJFCAJ@Result?5too?5large?$AA@ 1001acac     LIBCMT:syserr.obj
 0002:00000cc0       ??_C@_0N@MMJPGLJK@Domain?5error?$AA@ 1001acc0     LIBCMT:syserr.obj
 0002:00000cd0       ??_C@_0M@LHEPIIOM@Broken?5pipe?$AA@ 1001acd0     LIBCMT:syserr.obj
 0002:00000cdc       ??_C@_0P@PKCJJLLM@Too?5many?5links?$AA@ 1001acdc     LIBCMT:syserr.obj
 0002:00000cec       ??_C@_0BG@DDBFNKBH@Read?9only?5file?5system?$AA@ 1001acec     LIBCMT:syserr.obj
 0002:00000d04       ??_C@_0N@FEHLOILP@Invalid?5seek?$AA@ 1001ad04     LIBCMT:syserr.obj
 0002:00000d14       ??_C@_0BI@FEALHKLD@No?5space?5left?5on?5device?$AA@ 1001ad14     LIBCMT:syserr.obj
 0002:00000d2c       ??_C@_0P@LFMMIPAE@File?5too?5large?$AA@ 1001ad2c     LIBCMT:syserr.obj
 0002:00000d3c       ??_C@_0CE@ONOKNLPF@Inappropriate?5I?1O?5control?5operat@ 1001ad3c     LIBCMT:syserr.obj
 0002:00000d60       ??_C@_0BE@INBJMKGG@Too?5many?5open?5files?$AA@ 1001ad60     LIBCMT:syserr.obj
 0002:00000d74       ??_C@_0BO@IIFBODJE@Too?5many?5open?5files?5in?5system?$AA@ 1001ad74     LIBCMT:syserr.obj
 0002:00000d94       ??_C@_0BB@HMGGCEBG@Invalid?5argument?$AA@ 1001ad94     LIBCMT:syserr.obj
 0002:00000da8       ??_C@_0P@NDHGCGKE@Is?5a?5directory?$AA@ 1001ada8     LIBCMT:syserr.obj
 0002:00000db8       ??_C@_0BA@CJBACOOL@Not?5a?5directory?$AA@ 1001adb8     LIBCMT:syserr.obj
 0002:00000dc8       ??_C@_0P@NLEIANHE@No?5such?5device?$AA@ 1001adc8     LIBCMT:syserr.obj
 0002:00000dd8       ??_C@_0O@OAMDNOCP@Improper?5link?$AA@ 1001add8     LIBCMT:syserr.obj
 0002:00000de8       ??_C@_0M@NAAJNNGH@File?5exists?$AA@ 1001ade8     LIBCMT:syserr.obj
 0002:00000df4       ??_C@_0BA@BIBLIOEK@Resource?5device?$AA@ 1001adf4     LIBCMT:syserr.obj
 0002:00000e04       ??_C@_0O@NIPGCINC@Unknown?5error?$AA@ 1001ae04     LIBCMT:syserr.obj
 0002:00000e14       ??_C@_0M@LOEHLCJD@Bad?5address?$AA@ 1001ae14     LIBCMT:syserr.obj
 0002:00000e20       ??_C@_0BC@HFNFNKAI@Permission?5denied?$AA@ 1001ae20     LIBCMT:syserr.obj
 0002:00000e34       ??_C@_0BB@IMDKMPFB@Not?5enough?5space?$AA@ 1001ae34     LIBCMT:syserr.obj
 0002:00000e48       ??_C@_0CB@EPFKGNAK@Resource?5temporarily?5unavailable@ 1001ae48     LIBCMT:syserr.obj
 0002:00000e6c       ??_C@_0BD@LOHELEP@No?5child?5processes?$AA@ 1001ae6c     LIBCMT:syserr.obj
 0002:00000e80       ??_C@_0BE@NFGDDCEF@Bad?5file?5descriptor?$AA@ 1001ae80     LIBCMT:syserr.obj
 0002:00000e94       ??_C@_0BC@HKPNECK@Exec?5format?5error?$AA@ 1001ae94     LIBCMT:syserr.obj
 0002:00000ea8       ??_C@_0BC@MFFGCDFL@Arg?5list?5too?5long?$AA@ 1001aea8     LIBCMT:syserr.obj
 0002:00000ebc       ??_C@_0BK@DPKMCKJ@No?5such?5device?5or?5address?$AA@ 1001aebc     LIBCMT:syserr.obj
 0002:00000ed8       ??_C@_0BD@KKNFOBBD@Input?1output?5error?$AA@ 1001aed8     LIBCMT:syserr.obj
 0002:00000eec       ??_C@_0BK@FJBOAFDK@Interrupted?5function?5call?$AA@ 1001aeec     LIBCMT:syserr.obj
 0002:00000f08       ??_C@_0BA@FKIAIBGA@No?5such?5process?$AA@ 1001af08     LIBCMT:syserr.obj
 0002:00000f18       ??_C@_0BK@FMDHKPNF@No?5such?5file?5or?5directory?$AA@ 1001af18     LIBCMT:syserr.obj
 0002:00000f34       ??_C@_0BI@BJFCGOHL@Operation?5not?5permitted?$AA@ 1001af34     LIBCMT:syserr.obj
 0002:00000f4c       ??_C@_08INEPGKHH@No?5error?$AA@ 1001af4c     LIBCMT:syserr.obj
 0002:00000f58       ??_C@_1BK@DBDEIDLH@?$AAK?$AAE?$AAR?$AAN?$AAE?$AAL?$AA3?$AA2?$AA?4?$AAD?$AAL?$AAL?$AA?$AA@ 1001af58     LIBCMT:tidtable.obj
 0002:00000f74       ??_C@_07PEJMOBNF@FlsFree?$AA@ 1001af74     LIBCMT:tidtable.obj
 0002:00000f7c       ??_C@_0M@JCPCPOEF@FlsSetValue?$AA@ 1001af7c     LIBCMT:tidtable.obj
 0002:00000f88       ??_C@_0M@GDNOONDI@FlsGetValue?$AA@ 1001af88     LIBCMT:tidtable.obj
 0002:00000f94       ??_C@_08KNHFBNJ@FlsAlloc?$AA@ 1001af94     LIBCMT:tidtable.obj
 0002:00000fc0       __XcptActTab               1001afc0     LIBCMT:winxfltr.obj
 0002:00001050       __First_FPE_Indx           1001b050     LIBCMT:winxfltr.obj
 0002:00001054       __Num_FPE                  1001b054     LIBCMT:winxfltr.obj
 0002:00001058       __XcptActTabSize           1001b058     LIBCMT:winxfltr.obj
 0002:0000105c       __XcptActTabCount          1001b05c     LIBCMT:winxfltr.obj
 0002:00001060       ??_C@_1BC@GDGBMEMK@?$AAH?$AAH?$AA?3?$AAm?$AAm?$AA?3?$AAs?$AAs?$AA?$AA@ 1001b060     LIBCMT:nlsdata2.obj
 0002:00001074       ??_C@_1CI@KNAKOEBC@?$AAd?$AAd?$AAd?$AAd?$AA?0?$AA?5?$AAM?$AAM?$AAM?$AAM?$AA?5?$AAd?$AAd?$AA?0?$AA?5?$AAy?$AAy?$AAy?$AAy?$AA?$AA@ 1001b074     LIBCMT:nlsdata2.obj
 0002:0000109c       ??_C@_1BC@IEBCMHCM@?$AAM?$AAM?$AA?1?$AAd?$AAd?$AA?1?$AAy?$AAy?$AA?$AA@ 1001b09c     LIBCMT:nlsdata2.obj
 0002:000010b0       ??_C@_15CLMNNGEL@?$AAP?$AAM?$AA?$AA@ 1001b0b0     LIBCMT:nlsdata2.obj
 0002:000010b8       ??_C@_15ODEHAHHF@?$AAA?$AAM?$AA?$AA@ 1001b0b8     LIBCMT:nlsdata2.obj
 0002:000010c0       ??_C@_1BC@FEMKIFH@?$AAD?$AAe?$AAc?$AAe?$AAm?$AAb?$AAe?$AAr?$AA?$AA@ 1001b0c0     LIBCMT:nlsdata2.obj
 0002:000010d4       ??_C@_1BC@BGLIFPF@?$AAN?$AAo?$AAv?$AAe?$AAm?$AAb?$AAe?$AAr?$AA?$AA@ 1001b0d4     LIBCMT:nlsdata2.obj
 0002:000010e8       ??_C@_1BA@EPANDLNG@?$AAO?$AAc?$AAt?$AAo?$AAb?$AAe?$AAr?$AA?$AA@ 1001b0e8     LIBCMT:nlsdata2.obj
 0002:000010f8       ??_C@_1BE@DKAAMBJL@?$AAS?$AAe?$AAp?$AAt?$AAe?$AAm?$AAb?$AAe?$AAr?$AA?$AA@ 1001b0f8     LIBCMT:nlsdata2.obj
 0002:0000110c       ??_C@_1O@PAHLKOAC@?$AAA?$AAu?$AAg?$AAu?$AAs?$AAt?$AA?$AA@ 1001b10c     LIBCMT:nlsdata2.obj
 0002:0000111c       ??_C@_19BIFMLPCD@?$AAJ?$AAu?$AAl?$AAy?$AA?$AA@ 1001b11c     LIBCMT:nlsdata2.obj
 0002:00001128       ??_C@_19EPFLPGAP@?$AAJ?$AAu?$AAn?$AAe?$AA?$AA@ 1001b128     LIBCMT:nlsdata2.obj
 0002:00001134       ??_C@_1M@GJNLMHFD@?$AAA?$AAp?$AAr?$AAi?$AAl?$AA?$AA@ 1001b134     LIBCMT:nlsdata2.obj
 0002:00001140       ??_C@_1M@IKEENEDF@?$AAM?$AAa?$AAr?$AAc?$AAh?$AA?$AA@ 1001b140     LIBCMT:nlsdata2.obj
 0002:0000114c       ??_C@_1BC@JGDDFFAM@?$AAF?$AAe?$AAb?$AAr?$AAu?$AAa?$AAr?$AAy?$AA?$AA@ 1001b14c     LIBCMT:nlsdata2.obj
 0002:00001160       ??_C@_1BA@EFMEIEBA@?$AAJ?$AAa?$AAn?$AAu?$AAa?$AAr?$AAy?$AA?$AA@ 1001b160     LIBCMT:nlsdata2.obj
 0002:00001170       ??_C@_17EGKACKIF@?$AAD?$AAe?$AAc?$AA?$AA@ 1001b170     LIBCMT:nlsdata2.obj
 0002:00001178       ??_C@_17BBDMLCIG@?$AAN?$AAo?$AAv?$AA?$AA@ 1001b178     LIBCMT:nlsdata2.obj
 0002:00001180       ??_C@_17FNLKOI@?$AAO?$AAc?$AAt?$AA?$AA@ 1001b180     LIBCMT:nlsdata2.obj
 0002:00001188       ??_C@_17HCHCOKMG@?$AAS?$AAe?$AAp?$AA?$AA@ 1001b188     LIBCMT:nlsdata2.obj
 0002:00001190       ??_C@_17ICPELBCN@?$AAA?$AAu?$AAg?$AA?$AA@ 1001b190     LIBCMT:nlsdata2.obj
 0002:00001198       ??_C@_17IJPCKHK@?$AAJ?$AAu?$AAl?$AA?$AA@ 1001b198     LIBCMT:nlsdata2.obj
 0002:000011a0       ??_C@_17KCJGOCPB@?$AAJ?$AAu?$AAn?$AA?$AA@ 1001b1a0     LIBCMT:nlsdata2.obj
 0002:000011a8       ??_C@_17PNNKMEED@?$AAM?$AAa?$AAy?$AA?$AA@ 1001b1a8     LIBCMT:nlsdata2.obj
 0002:000011b0       ??_C@_17LFPOIHDD@?$AAA?$AAp?$AAr?$AA?$AA@ 1001b1b0     LIBCMT:nlsdata2.obj
 0002:000011b8       ??_C@_17CKNLEDEC@?$AAM?$AAa?$AAr?$AA?$AA@ 1001b1b8     LIBCMT:nlsdata2.obj
 0002:000011c0       ??_C@_17LMDJEKJN@?$AAF?$AAe?$AAb?$AA?$AA@ 1001b1c0     LIBCMT:nlsdata2.obj
 0002:000011c8       ??_C@_17DKNBKCHM@?$AAJ?$AAa?$AAn?$AA?$AA@ 1001b1c8     LIBCMT:nlsdata2.obj
 0002:000011d0       ??_C@_1BC@ENMNNPAJ@?$AAS?$AAa?$AAt?$AAu?$AAr?$AAd?$AAa?$AAy?$AA?$AA@ 1001b1d0     LIBCMT:nlsdata2.obj
 0002:000011e4       ??_C@_1O@PDICJHAG@?$AAF?$AAr?$AAi?$AAd?$AAa?$AAy?$AA?$AA@ 1001b1e4     LIBCMT:nlsdata2.obj
 0002:000011f4       ??_C@_1BC@HHMNLIHE@?$AAT?$AAh?$AAu?$AAr?$AAs?$AAd?$AAa?$AAy?$AA?$AA@ 1001b1f4     LIBCMT:nlsdata2.obj
 0002:00001208       ??_C@_1BE@EBOGMDOH@?$AAW?$AAe?$AAd?$AAn?$AAe?$AAs?$AAd?$AAa?$AAy?$AA?$AA@ 1001b208     LIBCMT:nlsdata2.obj
 0002:0000121c       ??_C@_1BA@ENFBFFEK@?$AAT?$AAu?$AAe?$AAs?$AAd?$AAa?$AAy?$AA?$AA@ 1001b21c     LIBCMT:nlsdata2.obj
 0002:0000122c       ??_C@_1O@MMNBFLIA@?$AAM?$AAo?$AAn?$AAd?$AAa?$AAy?$AA?$AA@ 1001b22c     LIBCMT:nlsdata2.obj
 0002:0000123c       ??_C@_1O@IHNHDHPB@?$AAS?$AAu?$AAn?$AAd?$AAa?$AAy?$AA?$AA@ 1001b23c     LIBCMT:nlsdata2.obj
 0002:0000124c       ??_C@_17GGIBDPIH@?$AAS?$AAa?$AAt?$AA?$AA@ 1001b24c     LIBCMT:nlsdata2.obj
 0002:00001254       ??_C@_17HFOLPPLP@?$AAF?$AAr?$AAi?$AA?$AA@ 1001b254     LIBCMT:nlsdata2.obj
 0002:0000125c       ??_C@_17PDPHAADD@?$AAT?$AAh?$AAu?$AA?$AA@ 1001b25c     LIBCMT:nlsdata2.obj
 0002:00001264       ??_C@_17CJEDCEPE@?$AAW?$AAe?$AAd?$AA?$AA@ 1001b264     LIBCMT:nlsdata2.obj
 0002:0000126c       ??_C@_17BMKGEGOJ@?$AAT?$AAu?$AAe?$AA?$AA@ 1001b26c     LIBCMT:nlsdata2.obj
 0002:00001274       ??_C@_17KBOMKBF@?$AAM?$AAo?$AAn?$AA?$AA@ 1001b274     LIBCMT:nlsdata2.obj
 0002:0000127c       ??_C@_17MBGCMIPB@?$AAS?$AAu?$AAn?$AA?$AA@ 1001b27c     LIBCMT:nlsdata2.obj
 0002:00001284       ??_C@_08JCCMCCIL@HH?3mm?3ss?$AA@ 1001b284     LIBCMT:nlsdata2.obj
 0002:00001290       ??_C@_0BE@CKGJFCPC@dddd?0?5MMMM?5dd?0?5yyyy?$AA@ 1001b290     LIBCMT:nlsdata2.obj
 0002:000012a4       ??_C@_08BPBNCDIB@MM?1dd?1yy?$AA@ 1001b2a4     LIBCMT:nlsdata2.obj
 0002:000012b0       ??_C@_02CJNFDJBF@PM?$AA@   1001b2b0     LIBCMT:nlsdata2.obj
 0002:000012b4       ??_C@_02DEDBPAFC@AM?$AA@   1001b2b4     LIBCMT:nlsdata2.obj
 0002:000012b8       ??_C@_08EDHMEBNP@December?$AA@ 1001b2b8     LIBCMT:nlsdata2.obj
 0002:000012c4       ??_C@_08HCHEGEOA@November?$AA@ 1001b2c4     LIBCMT:nlsdata2.obj
 0002:000012d0       ??_C@_07JJNFCEND@October?$AA@ 1001b2d0     LIBCMT:nlsdata2.obj
 0002:000012d8       ??_C@_09BHHEALKD@September?$AA@ 1001b2d8     LIBCMT:nlsdata2.obj
 0002:000012e4       ??_C@_06LBBHFDDG@August?$AA@ 1001b2e4     LIBCMT:nlsdata2.obj
 0002:000012ec       ??_C@_04MIEPOIFP@July?$AA@ 1001b2ec     LIBCMT:nlsdata2.obj
 0002:000012f4       ??_C@_04CNLMGBGM@June?$AA@ 1001b2f4     LIBCMT:nlsdata2.obj
 0002:000012fc       ??_C@_05DMJDNLEJ@April?$AA@ 1001b2fc     LIBCMT:nlsdata2.obj
 0002:00001304       ??_C@_05HPCKOFNC@March?$AA@ 1001b304     LIBCMT:nlsdata2.obj
 0002:0000130c       ??_C@_08GNJGEPFN@February?$AA@ 1001b30c     LIBCMT:nlsdata2.obj
 0002:00001318       ??_C@_07CGJPFGJA@January?$AA@ 1001b318     LIBCMT:nlsdata2.obj
 0002:00001320       ??_C@_03MKABNOCG@Dec?$AA@  1001b320     LIBCMT:nlsdata2.obj
 0002:00001324       ??_C@_03JPJOFNIA@Nov?$AA@  1001b324     LIBCMT:nlsdata2.obj
 0002:00001328       ??_C@_03BMAOKBAD@Oct?$AA@  1001b328     LIBCMT:nlsdata2.obj
 0002:0000132c       ??_C@_03GGCAPAJC@Sep?$AA@  1001b32c     LIBCMT:nlsdata2.obj
 0002:00001330       ??_C@_03IFJFEIGA@Aug?$AA@  1001b330     LIBCMT:nlsdata2.obj
 0002:00001334       ??_C@_03LBGABGKK@Jul?$AA@  1001b334     LIBCMT:nlsdata2.obj
 0002:00001338       ??_C@_03IDFGHECI@Jun?$AA@  1001b338     LIBCMT:nlsdata2.obj
 0002:0000133c       ??_C@_03CNMDKL@May?$AA@    1001b33c     LIBCMT:nlsdata2.obj
 0002:00001340       ??_C@_03LEOLGMJP@Apr?$AA@  1001b340     LIBCMT:nlsdata2.obj
 0002:00001344       ??_C@_03ODNJBKGA@Mar?$AA@  1001b344     LIBCMT:nlsdata2.obj
 0002:00001348       ??_C@_03HJBDCHOM@Feb?$AA@  1001b348     LIBCMT:nlsdata2.obj
 0002:0000134c       ??_C@_03JIHJHPIE@Jan?$AA@  1001b34c     LIBCMT:nlsdata2.obj
 0002:00001350       ??_C@_08INBOOONO@Saturday?$AA@ 1001b350     LIBCMT:nlsdata2.obj
 0002:0000135c       ??_C@_06JECMNKMI@Friday?$AA@ 1001b35c     LIBCMT:nlsdata2.obj
 0002:00001364       ??_C@_08HACCIKIA@Thursday?$AA@ 1001b364     LIBCMT:nlsdata2.obj
 0002:00001370       ??_C@_09DLIGFAKA@Wednesday?$AA@ 1001b370     LIBCMT:nlsdata2.obj
 0002:0000137c       ??_C@_07BAAGCFCM@Tuesday?$AA@ 1001b37c     LIBCMT:nlsdata2.obj
 0002:00001384       ??_C@_06JLEDEDGH@Monday?$AA@ 1001b384     LIBCMT:nlsdata2.obj
 0002:0000138c       ??_C@_06OOPIFAJ@Sunday?$AA@ 1001b38c     LIBCMT:nlsdata2.obj
 0002:00001394       ??_C@_03FEFJNEK@Sat?$AA@   1001b394     LIBCMT:nlsdata2.obj
 0002:00001398       ??_C@_03IDIOELNC@Fri?$AA@  1001b398     LIBCMT:nlsdata2.obj
 0002:0000139c       ??_C@_03IOFIKPDN@Thu?$AA@  1001b39c     LIBCMT:nlsdata2.obj
 0002:000013a0       ??_C@_03MHOMLAJA@Wed?$AA@  1001b3a0     LIBCMT:nlsdata2.obj
 0002:000013a4       ??_C@_03NAGEINEP@Tue?$AA@  1001b3a4     LIBCMT:nlsdata2.obj
 0002:000013a8       ??_C@_03PDAGKDH@Mon?$AA@   1001b3a8     LIBCMT:nlsdata2.obj
 0002:000013ac       ??_C@_03KOEHGMDN@Sun?$AA@  1001b3ac     LIBCMT:nlsdata2.obj
 0002:000013b0       ___lookuptable_s           1001b3b0     LIBCMT:outputs.obj
 0002:0000140c       ??_C@_0BI@DFKBFLJE@GetProcessWindowStation?$AA@ 1001b40c     LIBCMT:crtmboxw.obj
 0002:00001424       ??_C@_0BK@DEKFELLI@GetUserObjectInformationW?$AA@ 1001b424     LIBCMT:crtmboxw.obj
 0002:00001440       ??_C@_0BD@HHGDFDBJ@GetLastActivePopup?$AA@ 1001b440     LIBCMT:crtmboxw.obj
 0002:00001454       ??_C@_0BA@HNOPNCHB@GetActiveWindow?$AA@ 1001b454     LIBCMT:crtmboxw.obj
 0002:00001464       ??_C@_0M@DLDCCGNP@MessageBoxW?$AA@ 1001b464     LIBCMT:crtmboxw.obj
 0002:00001470       ??_C@_1BG@GOEBHBDC@?$AAU?$AAS?$AAE?$AAR?$AA3?$AA2?$AA?4?$AAD?$AAL?$AAL?$AA?$AA@ 1001b470     LIBCMT:crtmboxw.obj
 0002:00001490       ___newctype                1001b490     LIBCMT:ctype.obj
 0002:00001790       __wctype                   1001b790     LIBCMT:ctype.obj
 0002:00001998       ___newclmap                1001b998     LIBCMT:ctype.obj
 0002:00001b18       ___newcumap                1001bb18     LIBCMT:ctype.obj
 0002:00001c98       ??_C@_1BA@BALFACEM@?$AAC?$AAO?$AAN?$AAO?$AAU?$AAT?$AA$?$AA?$AA@ 1001bc98     LIBCMT:initcon.obj
 0002:00001d28       ??_C@_05BOAHNBIE@1?42?46?$AA@ 1001bd28     compress.obj
 0002:00001d30       _z_errmsg                  1001bd30     zutil.obj
 0002:00001d58       _zip_copyright             1001bd58     zip.obj
 0002:00001da8       _unz_copyright             1001bda8     unzip.obj
 0002:00002448       __dist_code                1001c448     trees.obj
 0002:00002648       __length_code              1001c648     trees.obj
 0002:00002838       _inflate_copyright         1001c838     inftrees.obj
 0002:00003ab8       _deflate_copyright         1001dab8     deflate.obj
 0002:00005b80       ??_C@_07EBNKNFJN@?$DMfd?3?$CFd?$DO?$AA@ 1001fb80     gzlib.obj
 0002:00005b88       ??_C@_00CNPNBAHC@?$AA@     1001fb88     gzlib.obj
 0002:00005b8c       ??_C@_0O@BNNCBLEN@out?5of?5memory?$AA@ 1001fb8c     gzlib.obj
 0002:00005b9c       ??_C@_02LMMGGCAJ@?3?5?$AA@ 1001fb9c     gzlib.obj
 0002:00005ba0       ??_C@_0BH@CFIIDOJD@unexpected?5end?5of?5file?$AA@ 1001fba0     gzread.obj
 0002:00005bb8       ??_C@_0CH@CPOLIEKA@internal?5error?3?5inflate?5stream?5c@ 1001fbb8     gzread.obj
 0002:00005be0       ??_C@_0BG@HCKBMIHF@compressed?5data?5error?$AA@ 1001fbe0     gzread.obj
 0002:00005bf8       ??_C@_0CF@MLPJFDMM@requested?5length?5does?5not?5fit?5in@ 1001fbf8     gzread.obj
 0002:00005c20       ??_C@_0BP@IIKIGMCC@out?5of?5room?5to?5push?5characters?$AA@ 1001fc20     gzread.obj
 0002:00005c40       ??_C@_0CH@DEEGAHIB@internal?5error?3?5deflate?5stream?5c@ 1001fc40     gzwrite.obj
 0002:00005c68       ??_C@_0BD@PJCBIDD@invalid?5block?5type?$AA@ 1001fc68     infback.obj
 0002:00005c7c       ??_C@_0BN@LGAADGOK@invalid?5stored?5block?5lengths?$AA@ 1001fc7c     infback.obj
 0002:00005c9c       ??_C@_0CE@GMIGFPBB@too?5many?5length?5or?5distance?5symb@ 1001fc9c     infback.obj
 0002:00005cc0       ??_C@_0BJ@HDEPPGOH@invalid?5code?5lengths?5set?$AA@ 1001fcc0     infback.obj
 0002:00005cdc       ??_C@_0BK@BMMPFBBH@invalid?5bit?5length?5repeat?$AA@ 1001fcdc     infback.obj
 0002:00005cf8       ??_C@_0CF@DGDMADCD@invalid?5code?5?9?9?5missing?5end?9of?9b@ 1001fcf8     infback.obj
 0002:00005d20       ??_C@_0BM@IIMGAINC@invalid?5literal?1lengths?5set?$AA@ 1001fd20     infback.obj
 0002:00005d3c       ??_C@_0BG@GMDFCBGP@invalid?5distances?5set?$AA@ 1001fd3c     infback.obj
 0002:00005d54       ??_C@_0BM@FFFLPBBC@invalid?5literal?1length?5code?$AA@ 1001fd54     infback.obj
 0002:00005d70       ??_C@_0BG@LBKINIKP@invalid?5distance?5code?$AA@ 1001fd70     infback.obj
 0002:00005d88       ??_C@_0BO@ECPMAOGG@invalid?5distance?5too?5far?5back?$AA@ 1001fd88     infback.obj
 0002:00005da8       ??_C@_0BH@LIBMMIGA@incorrect?5header?5check?$AA@ 1001fda8     inflate.obj
 0002:00005dc0       ??_C@_0BL@IHKGDAEE@unknown?5compression?5method?$AA@ 1001fdc0     inflate.obj
 0002:00005ddc       ??_C@_0BE@EMOGCLGO@invalid?5window?5size?$AA@ 1001fddc     inflate.obj
 0002:00005df0       ??_C@_0BJ@BLBBCOMO@unknown?5header?5flags?5set?$AA@ 1001fdf0     inflate.obj
 0002:00005e0c       ??_C@_0BE@GONKLEPM@header?5crc?5mismatch?$AA@ 1001fe0c     inflate.obj
 0002:00005e20       ??_C@_0BF@MEIGEHBE@incorrect?5data?5check?$AA@ 1001fe20     inflate.obj
 0002:00005e38       ??_C@_0BH@FGKKJGOC@incorrect?5length?5check?$AA@ 1001fe38     inflate.obj
 0002:00005e50       ??_C@_02JDPG@rb?$AA@       1001fe50     ioapi.obj
 0002:00005e54       ??_C@_03HMFOOINA@r?$CLb?$AA@ 1001fe54     ioapi.obj
 0002:00005e58       ??_C@_02GMLFBBN@wb?$AA@    1001fe58     ioapi.obj
 0002:00005e5c       ??_C@_01JOAMLHOP@?9?$AA@   1001fe5c     zip.obj
 0002:00005e60       ??_C@_0BF@CJFPCCEG@incompatible?5version?$AA@ 1001fe60     zutil.obj
 0002:00005e78       ??_C@_0N@DFPGLBGC@buffer?5error?$AA@ 1001fe78     zutil.obj
 0002:00005e88       ??_C@_0BE@OGGJBMCE@insufficient?5memory?$AA@ 1001fe88     zutil.obj
 0002:00005e9c       ??_C@_0L@HAHMBNLP@data?5error?$AA@ 1001fe9c     zutil.obj
 0002:00005ea8       ??_C@_0N@MKKNPMJD@stream?5error?$AA@ 1001fea8     zutil.obj
 0002:00005eb8       ??_C@_0L@KIJFAKBJ@file?5error?$AA@ 1001feb8     zutil.obj
 0002:00005ec4       ??_C@_0L@FNAOCBOG@stream?5end?$AA@ 1001fec4     zutil.obj
 0002:00005ed0       ??_C@_0BA@MOKMMFOD@need?5dictionary?$AA@ 1001fed0     zutil.obj
 0002:00005ee0       ___rtc_iaa                 1001fee0     LIBCMT:_initsect_.obj
 0002:00005ee4       ___rtc_izz                 1001fee4     LIBCMT:_initsect_.obj
 0002:00005ee8       ___rtc_taa                 1001fee8     LIBCMT:_initsect_.obj
 0002:00005eec       ___rtc_tzz                 1001feec     LIBCMT:_initsect_.obj
 0002:000062ec       __IMPORT_DESCRIPTOR_KERNEL32 100202ec     kernel32:KERNEL32.dll
 0002:00006300       __NULL_IMPORT_DESCRIPTOR   10020300     kernel32:KERNEL32.dll
 0003:00000180       ___nullstring              10022180     LIBCMT:output.obj
 0003:00000184       ___wnullstring             10022184     LIBCMT:output.obj
 0003:00000188       ___badioinfo               10022188     LIBCMT:ioinit.obj
 0003:000001d0       __sys_errlist              100221d0     LIBCMT:syserr.obj
 0003:00000280       __sys_nerr                 10022280     LIBCMT:syserr.obj
 0003:00000284       ___flsindex                10022284     LIBCMT:tidtable.obj
 0003:00000288       ___getvalueindex           10022288     LIBCMT:tidtable.obj
 0003:00000290       __lookuptrailbytes         10022290     LIBCMT:read.obj
 0003:00000390       ___security_cookie         10022390     LIBCMT:gs_cookie.obj
 0003:00000394       ___security_cookie_complement 10022394     LIBCMT:gs_cookie.obj
 0003:000003a0       __iob                      100223a0     LIBCMT:_file.obj
 0003:00000620       ___initialmbcinfo          10022620     LIBCMT:mbctype.obj
 0003:00000840       __mbctype                  10022840     LIBCMT:mbctype.obj
 0003:00000948       __mbcasemap                10022948     LIBCMT:mbctype.obj
 0003:00000a48       ___ptmbcinfo               10022a48     LIBCMT:mbctype.obj
 0003:00000b40       ___globallocalestatus      10022b40     LIBCMT:glstatus.obj
 0003:00000b44       ___clocalestr              10022b44     LIBCMT:nlsdata2.obj
 0003:00000b48       ___lc_time_c               10022b48     LIBCMT:nlsdata2.obj
 0003:00000cb0       ___initiallocinfo          10022cb0     LIBCMT:nlsdata2.obj
 0003:00000d88       ___ptlocinfo               10022d88     LIBCMT:nlsdata2.obj
 0003:00000d8c       __cfltcvt_tab              10022d8c     LIBCMT:cmiscdat.obj
 0003:00000ee0       __NLG_Destination          10022ee0     LIBCMT:exsup.obj
 0003:00000ef0       ___lconv_static_decimal    10022ef0     LIBCMT:lconv.obj
 0003:00000ef4       ___lconv_static_W_decimal  10022ef4     LIBCMT:lconv.obj
 0003:00000ef8       ___lconv_c                 10022ef8     LIBCMT:lconv.obj
 0003:00000f48       ___lconv                   10022f48     LIBCMT:lconv.obj
 0003:00000f4c       __pctype                   10022f4c     LIBCMT:ctype.obj
 0003:00000f50       __pwctype                  10022f50     LIBCMT:ctype.obj
 0003:00000f54       ___abort_behavior          10022f54     LIBCMT:abort.obj
 0003:00000f58       __confh                    10022f58     LIBCMT:initcon.obj
 0003:00000f70       ___mb_cur_max              10022f70     LIBCMT:nlsdata1.obj
 0003:00000f74       ___decimal_point           10022f74     LIBCMT:nlsdata1.obj
 0003:00000f78       ___decimal_point_length    10022f78     LIBCMT:nlsdata1.obj
 0003:00000fc4       __aenvptr                  10022fc4     LIBCMT:dllcrt0.obj
 0003:00000fc8       __wenvptr                  10022fc8     LIBCMT:dllcrt0.obj
 0003:00000fcc       ___error_mode              10022fcc     LIBCMT:dllcrt0.obj
 0003:00000fd0       ___app_type                10022fd0     LIBCMT:dllcrt0.obj
 0003:00000fd4       ___pInvalidArgHandler      10022fd4     LIBCMT:invarg.obj
 0003:00000fd8       __crtheap                  10022fd8     LIBCMT:heapinit.obj
 0003:00000fdc       __umaskval                 10022fdc     LIBCMT:crt0dat.obj
 0003:00000fe0       ___argc                    10022fe0     LIBCMT:crt0dat.obj
 0003:00000fe4       ___argv                    10022fe4     LIBCMT:crt0dat.obj
 0003:00000fe8       ___wargv                   10022fe8     LIBCMT:crt0dat.obj
 0003:00000fec       __environ                  10022fec     LIBCMT:crt0dat.obj
 0003:00000ff0       ___initenv                 10022ff0     LIBCMT:crt0dat.obj
 0003:00000ff4       __wenviron                 10022ff4     LIBCMT:crt0dat.obj
 0003:00000ff8       ___winitenv                10022ff8     LIBCMT:crt0dat.obj
 0003:00000ffc       __pgmptr                   10022ffc     LIBCMT:crt0dat.obj
 0003:00001000       __wpgmptr                  10023000     LIBCMT:crt0dat.obj
 0003:00001004       __exitflag                 10023004     LIBCMT:crt0dat.obj
 0003:00001008       __C_Termination_Done       10023008     LIBCMT:crt0dat.obj
 0003:0000100c       __C_Exit_Done              1002300c     LIBCMT:crt0dat.obj
 0003:00001638       ?_pnhHeap@@3P6AHI@ZA       10023638     LIBCMT:handler.obj
 0003:0000163c       __newmode                  1002363c     LIBCMT:_newmode.obj
 0003:00001640       __maxwait                  10023640     LIBCMT:crtheap.obj
 0003:00001644       _gpFlsAlloc                10023644     LIBCMT:tidtable.obj
 0003:00001648       _gpFlsGetValue             10023648     LIBCMT:tidtable.obj
 0003:0000164c       _gpFlsSetValue             1002364c     LIBCMT:tidtable.obj
 0003:00001650       _gpFlsFree                 10023650     LIBCMT:tidtable.obj
 0003:00001654       __cflush                   10023654     LIBCMT:_file.obj
 0003:00001764       ___mbulinfo                10023764     LIBCMT:mbctype.obj
 0003:00001770       ___mbcodepage              10023770     LIBCMT:mbctype.obj
 0003:00001774       ___ismbcodepage            10023774     LIBCMT:mbctype.obj
 0003:00001778       ___mblcid                  10023778     LIBCMT:mbctype.obj
 0003:000018d0       ?__pInconsistency@@3P6AXXZA 100238d0     LIBCMT:hooks.obj
 0003:000018ec       ___pPurecall               100238ec     LIBCMT:inithelp.obj
 0003:00001c2c       __commode                  10023c2c     LIBCMT:ncommode.obj
 0003:00001c30       ___lconv_static_null       10023c30     LIBCMT:lconv.obj
 0003:00001c34       ___lconv_static_W_null     10023c34     LIBCMT:lconv.obj
 0003:00001c38       __stdbuf                   10023c38     LIBCMT:_sftbuf.obj
 0003:00001c40       ___locale_changed          10023c40     LIBCMT:setlocal.obj
 0003:00001c44       __fmode                    10023c44     LIBCMT:txtmode.obj
 0003:00001c4c       __debugger_hook_dummy      10023c4c     <common>
 0003:00001c50       ___piob                    10023c50     <common>
 0003:00001c60       __bufin                    10023c60     <common>
 0003:00002c60       __nstream                  10024c60     <common>
 0003:00002c64       ___sse2_available          10024c64     <common>
 0003:00002c68       ___env_initialized         10024c68     <common>
 0003:00002c6c       ___onexitend               10024c6c     <common>
 0003:00002c70       ___onexitbegin             10024c70     <common>
 0003:00002c74       ___mbctype_initialized     10024c74     <common>
 0003:00002c78       __FPinit                   10024c78     <common>
 0003:00002c7c       ___dyn_tls_init_callback   10024c7c     <common>
 0003:00002c80       __pDestructExceptionObject 10024c80     <common>
 0003:00002c84       __nhandle                  10024c84     <common>
 0003:00002ca0       ___pioinfo                 10024ca0     <common>
 0003:00002da0       __acmdln                   10024da0     <common>

 entry point at        0001:0000fa9c

 Static symbols

 0001:00000270       _adler32_combine_          10001270 f    CIL library: CIL module
 0001:00000470       _crc32_little              10001470 f    CIL library: CIL module
 0001:00000730       _gf2_matrix_times          10001730 f    CIL library: CIL module
 0001:00000750       _gf2_matrix_square         10001750 f    CIL library: CIL module
 0001:00000780       _crc32_combine_            10001780 f    CIL library: CIL module
 0001:00001090       _putShortMSB               10002090 f    CIL library: CIL module
 0001:000010c0       _flush_pending             100020c0 f    CIL library: CIL module
 0001:00001bf0       _read_buf                  10002bf0 f    CIL library: CIL module
 0001:00001c60       _lm_init                   10002c60 f    CIL library: CIL module
 0001:00001d00       _fill_window               10002d00 f    CIL library: CIL module
 0001:00001ed0       _deflate_stored            10002ed0 f    CIL library: CIL module
 0001:00002060       _deflate_fast              10003060 f    CIL library: CIL module
 0001:00002390       _deflate_slow              10003390 f    CIL library: CIL module
 0001:00002790       _deflate_rle               10003790 f    CIL library: CIL module
 0001:00002a40       _deflate_huff              10003a40 f    CIL library: CIL module
 0001:00002bd0       _gz_reset                  10003bd0 f    CIL library: CIL module
 0001:00002c10       _gz_open                   10003c10 f    CIL library: CIL module
 0001:000033d0       _gz_load                   100043d0 f    CIL library: CIL module
 0001:00003440       _gz_avail                  10004440 f    CIL library: CIL module
 0001:000034b0       _gz_look                   100044b0 f    CIL library: CIL module
 0001:00003630       _gz_decomp                 10004630 f    CIL library: CIL module
 0001:00003730       _gz_fetch                  10004730 f    CIL library: CIL module
 0001:000037b0       _gz_skip                   100047b0 f    CIL library: CIL module
 0001:00003ce0       _gz_init                   10004ce0 f    CIL library: CIL module
 0001:00003dd0       _gz_comp                   10004dd0 f    CIL library: CIL module
 0001:00003ee0       _gz_zero                   10004ee0 f    CIL library: CIL module
 0001:00004530       _fixedtables               10005530 f    CIL library: CIL module
 0001:00005520       _fixedtables               10006520 f    CIL library: CIL module
 0001:00005540       _updatewindow              10006540 f    CIL library: CIL module
 0001:00006cb0       _syncsearch                10007cb0 f    CIL library: CIL module
 0001:00007520       _fopen64_file_func         10008520 f    CIL library: CIL module
 0001:00007570       _fread_file_func           10008570 f    CIL library: CIL module
 0001:00007590       _fwrite_file_func          10008590 f    CIL library: CIL module
 0001:000075b0       _ftell64_file_func         100085b0 f    CIL library: CIL module
 0001:000075d0       _fseek64_file_func         100085d0 f    CIL library: CIL module
 0001:00007620       _fclose_file_func          10008620 f    CIL library: CIL module
 0001:00007640       _ferror_file_func          10008640 f    CIL library: CIL module
 0001:000076a0       _win32_translate_open_mode 100086a0 f    CIL library: CIL module
 0001:00007710       _win32_build_iowin         10008710 f    CIL library: CIL module
 0001:00007b90       _init_block                10008b90 f    CIL library: CIL module
 0001:00007c10       _pqdownheap                10008c10 f    CIL library: CIL module
 0001:00007cf0       _gen_bitlen                10008cf0 f    CIL library: CIL module
 0001:00007ef0       _gen_codes                 10008ef0 f    CIL library: CIL module
 0001:00007f50       _build_tree                10008f50 f    CIL library: CIL module
 0001:00008150       _scan_tree                 10009150 f    CIL library: CIL module
 0001:00008230       _send_tree                 10009230 f    CIL library: CIL module
 0001:000087b0       _build_bl_tree             100097b0 f    CIL library: CIL module
 0001:00008880       _send_all_trees            10009880 f    CIL library: CIL module
 0001:00008e70       _compress_block            10009e70 f    CIL library: CIL module
 0001:00009250       _detect_data_type          1000a250 f    CIL library: CIL module
 0001:000092c0       _bi_reverse                1000a2c0 f    CIL library: CIL module
 0001:000092e0       _bi_flush                  1000a2e0 f    CIL library: CIL module
 0001:00009360       _bi_windup                 1000a360 f    CIL library: CIL module
 0001:000093c0       _copy_block                1000a3c0 f    CIL library: CIL module
 0001:000094e0       _unz64local_getShort       1000a4e0 f    CIL library: CIL module
 0001:00009540       _unz64local_getLong        1000a540 f    CIL library: CIL module
 0001:000095d0       _unz64local_getLong64      1000a5d0 f    CIL library: CIL module
 0001:00009710       _strcmpcasenosensitive_internal 1000a710 f    CIL library: CIL module
 0001:000097b0       _zip64local_SearchCentralDir 1000a7b0 f    CIL library: CIL module
 0001:000097b0       _unz64local_SearchCentralDir 1000a7b0 f    CIL library: CIL module
 0001:00009960       _unz64local_SearchCentralDir64 1000a960 f    CIL library: CIL module
 0001:00009bf0       _unzOpenInternal           1000abf0 f    CIL library: CIL module
 0001:0000a1a0       _unz64local_DosDateToTmuDate 1000b1a0 f    CIL library: CIL module
 0001:0000a220       _unz64local_GetCurrentFileInfoInternal 1000b220 f    CIL library: CIL module
 0001:0000ac10       _unz64local_CheckCurrentFileCoherencyHeader 1000bc10 f    CIL library: CIL module
 0001:0000b660       _decrypt_byte              1000c660 f    CIL library: CIL module
 0001:0000b680       _update_keys               1000c680 f    CIL library: CIL module
 0001:0000b6c0       _init_keys                 1000c6c0 f    CIL library: CIL module
 0001:0000b700       _crypthead                 1000c700 f    CIL library: CIL module
 0001:0000b810       _allocate_new_datablock    1000c810 f    CIL library: CIL module
 0001:0000b840       _free_datablock            1000c840 f    CIL library: CIL module
 0001:0000b860       _init_linkedlist           1000c860 f    CIL library: CIL module
 0001:0000b870       _free_linkedlist           1000c870 f    CIL library: CIL module
 0001:0000b890       _add_data_in_datablock     1000c890 f    CIL library: CIL module
 0001:0000b940       _zip64local_putValue       1000c940 f    CIL library: CIL module
 0001:0000b9a0       _zip64local_putValue_inmemory 1000c9a0 f    CIL library: CIL module
 0001:0000b9e0       _zip64local_TmzDateToDosDate 1000c9e0 f    CIL library: CIL module
 0001:0000ba30       _unz64local_getByte        1000ca30 f    CIL library: CIL module
 0001:0000ba30       _zip64local_getByte        1000ca30 f    CIL library: CIL module
 0001:0000ba70       _zip64local_getShort       1000ca70 f    CIL library: CIL module
 0001:0000bad0       _zip64local_getLong        1000cad0 f    CIL library: CIL module
 0001:0000bb60       _zip64local_getLong64      1000cb60 f    CIL library: CIL module
 0001:0000bca0       _zip64local_SearchCentralDir64 1000cca0 f    CIL library: CIL module
 0001:0000cef0       _zip64FlushWriteBuffer     1000def0 f    CIL library: CIL module
 0001:0000f9a6       ___DllMainCRTStartup       100109a6 f   LIBCMT:dllcrt0.obj
 0001:0000fcaa       _write_char                10010caa f   LIBCMT:output.obj
 0001:0000fcdd       _write_string              10010cdd f   LIBCMT:output.obj
 0001:000114b4       _doexit                    100124b4 f   LIBCMT:crt0dat.obj
 0001:00012a00       _flsall                    10013a00 f   LIBCMT:fflush.obj
 0001:00012f40       __unwind_handler4          10013f40 f   LIBCMT:exsup4.obj
 0001:000140a4       _parse_cmdline             100150a4 f   LIBCMT:stdargv.obj
 0001:00014686       ?CPtoLCID@@YAHH@Z          10015686 f   LIBCMT:mbctype.obj
 0001:000146b5       ?setSBCS@@YAXPAUthreadmbcinfostruct@@@Z 100156b5 f   LIBCMT:mbctype.obj
 0001:00014719       ?setSBUpLow@@YAXPAUthreadmbcinfostruct@@@Z 10015719 f   LIBCMT:mbctype.obj
 0001:0001494d       ?getSystemCP@@YAHH@Z       1001594d f   LIBCMT:mbctype.obj
 0001:00015734       _siglookup                 10016734 f   LIBCMT:winsig.obj
 0001:00015939       __onexit_nolock            10016939 f   LIBCMT:onexit.obj
 0001:00016188       __tsopen_nolock            10017188 f   LIBCMT:open.obj
 0001:00016e00       __unwind_handler           10017e00 f   LIBCMT:exsup.obj
 0001:00017143       ?x_ismbbtype_l@@YAHPAUlocaleinfo_struct@@IHH@Z 10018143 f   LIBCMT:ismbbyte.obj
 0001:000171ce       ?__crtLCMapStringA_stat@@YAHPAUlocaleinfo_struct@@KKPBDHPADHHH@Z 100181ce f   LIBCMT:a_map.obj
 0001:000173fb       ?__crtGetStringTypeA_stat@@YAHPAUlocaleinfo_struct@@KPBDHPAGHHH@Z 100183fb f   LIBCMT:a_str.obj
